Open Watcom Linker Version 2.0 beta Nov  8 2023 01:50:13 (32-bit)
Copyright (c) 2002-2023 The Open Watcom Contributors. All Rights Reserved.
Portions Copyright (c) 1985-2002 Sybase, Inc. All Rights Reserved.
Created on:       24/04/02 15:50:05
Executable Image: bin\3dview.exe
creating a Windows NT character-mode executable


                        +------------+
                        |   Groups   |
                        +------------+

Group                           Address              Size
=====                           =======              ====

.idata                          00402000             000006cc
DGROUP                          00403000             00001074



                        +--------------+
                        |   Segments   |
                        +--------------+

Segment                Class          Group          Address         Size
=======                =====          =====          =======         ====

BEGTEXT                CODE           AUTO           00401000        00000007
_TEXT                  CODE           AUTO           00401010        00000d01
TRANSFER CODE          CODE           AUTO           00401d14        00000180
.idata                 .idata         .idata         00402000        000006cc
_NULL                  BEGDATA        DGROUP         00403000        00000004
_AFTERNULL             BEGDATA        DGROUP         00403004        00000000
CONST                  DATA           DGROUP         00403004        00000108
CONST2                 DATA           DGROUP         0040310c        00000000
_DATA                  DATA           DGROUP         0040310c        00000034
XIB                    DATA           DGROUP         00403140        00000000
XI                     DATA           DGROUP         00403140        00000018
XIE                    DATA           DGROUP         00403158        00000000
YIB                    DATA           DGROUP         00403158        00000000
YI                     DATA           DGROUP         00403158        0000000c
YIE                    DATA           DGROUP         00403164        00000000
TIB                    DATA           DGROUP         00403164        00000000
TI                     DATA           DGROUP         00403164        00000000
TIE                    DATA           DGROUP         00403164        00000000
DATA                   DATA           DGROUP         00403164        00000000
_BSS                   BSS            DGROUP         00404000        00000074


                        +----------------+
                        |   Memory Map   |
                        +----------------+

* = unreferenced symbol
+ = symbol only referenced locally

Address        Symbol
=======        ======

Module: CMakeFiles\3dview.dir\progs\demos\3dview\3dview.c.obj(C:\src\OpenGL\freeglut-3.4.0\progs\demos\3dview\3dview.c)
00401010       main_
004010d0+      idle_
004010e0+      display_
00401360+      print_help_
004014d0+      reshape_
00401560+      keypress_
00401680+      skeypress_
004016a0+      mouse_
004016d0+      motion_
00403134+      _cam_phi
00403138+      _cam_dist
00404000+      _bnstate
00404020+      _win_height
00404024+      _win_width
00404028+      _cam_pan
00404034+      _mouse_y
00404038+      _mouse_x
0040403c+      _anim
00404040+      _anim_start
00404044+      _nframes
00404048+      _help
0040404c+      _cam_theta
Module: C:\WATCOM\lib386\nt\clbrdll.lib(cstrtwnt)
00401924       _cstart_
00401924*      mainCRTStartup
Module: C:\WATCOM\lib386\nt\clbrdll.lib(fltuse80.c)
0040313c       _fltused_
Module: C:\WATCOM\lib386\emu387.lib(386stub.asm)
004019c0       __init_387_emulator
004019c1*      __fini_387_emulator
Module: C:\WATCOM\lib386\nt\clbrdll.lib(argcv.c)
0040405c       __argv
00404060       __argc
00404064       ___argc
00404068       ___argv
Module: C:\WATCOM\lib386\nt\clbrdll.lib(main3wnt.c)
004019d0       __NTMain
Module: C:\WATCOM\lib386\nt\clbrdll.lib(segdefns)
00401003       ___begtext
00403000*      __nullarea
00403140       __Start_XI
00403158       __End_XI
00403158       __Start_YI
00403164       __End_YI
Module: C:\WATCOM\lib386\nt\clbrdll.lib(dsetefg.c)
00401a10       __setEFGfmt_
Module: C:\WATCOM\lib386\nt\clbrdll.lib(dinitarg.c)
00401bd0       __Init_Argv_
00401c30       __Fini_Argv_
Module: C:\WATCOM\lib386\nt\clbrdll.lib(initrtns.c)
00401c60       __InitRtns
00401cb0       __FiniRtns
Module: C:\WATCOM\lib386\nt\clbrdll.lib(dcinit.c)
00401d10       __CommonInit_
Module: C:\WATCOM\lib386\nt\clbrdll.lib(dosseg)
00001234       __DOSseg__
Module: C:\WATCOM\lib386\nt\clbrdll.lib(histsplt.c)
00404070       ___historical_splitparms


                        +----------------------+
                        |   Imported Symbols   |
                        +----------------------+

Symbol                              Module
======                              ======

IF@DSIN                             mt7r20.dll
IF@DCOS                             mt7r20.dll
__8087                              clbr20.dll
_glutInit@8                         freeglut.dll
_glutInitWindowSize@8               freeglut.dll
_glutInitDisplayMode@4              freeglut.dll
_glutCreateWindow@4                 freeglut.dll
_glutDisplayFunc@4                  freeglut.dll
_glutReshapeFunc@4                  freeglut.dll
_glutKeyboardFunc@4                 freeglut.dll
_glutSpecialFunc@4                  freeglut.dll
_glutMouseFunc@4                    freeglut.dll
_glutMotionFunc@4                   freeglut.dll
_glEnable@4                         OPENGL32.DLL
_glutMainLoop@0                     freeglut.dll
_glutPostRedisplay@0                freeglut.dll
_glClear@4                          OPENGL32.DLL
_glMatrixMode@4                     OPENGL32.DLL
_glLoadIdentity@0                   OPENGL32.DLL
_glTranslatef@12                    OPENGL32.DLL
_glRotatef@16                       OPENGL32.DLL
_glLightfv@12                       OPENGL32.DLL
_glPushMatrix@0                     OPENGL32.DLL
_glutGet@4                          freeglut.dll
_glutSolidTorus@24                  freeglut.dll
_glPopMatrix@0                      OPENGL32.DLL
_glutSolidSphere@16                 freeglut.dll
_glutSolidCube@8                    freeglut.dll
_glutSolidCone@24                   freeglut.dll
_glFrontFace@4                      OPENGL32.DLL
_glutSolidTeapot@8                  freeglut.dll
_glBegin@4                          OPENGL32.DLL
_glNormal3f@12                      OPENGL32.DLL
_glVertex3f@12                      OPENGL32.DLL
_glEnd@0                            OPENGL32.DLL
_glutSwapBuffers@0                  freeglut.dll
_glPushAttrib@4                     OPENGL32.DLL
_glDisable@4                        OPENGL32.DLL
_glOrtho@48                         OPENGL32.DLL
_glColor3f@12                       OPENGL32.DLL
_glRasterPos2f@8                    OPENGL32.DLL
_glutBitmapCharacter@8              freeglut.dll
_glPopAttrib@0                      OPENGL32.DLL
_glViewport@16                      OPENGL32.DLL
_glFrustum@48                       OPENGL32.DLL
exit_                               clbr20.dll
_glutIdleFunc@4                     freeglut.dll
printf_                             clbr20.dll
_glutGetModifiers@0                 freeglut.dll
_glutFullScreen@0                   freeglut.dll
_glutReshapeWindow@8                freeglut.dll
_SetLD80bit_                        clbr20.dll
__NewExceptionFilter_               clbr20.dll
___process_fini                     clbr20.dll
____Argv                            clbr20.dll
____Argc                            clbr20.dll
__get_EFG_Format_                   mt7r20.dll
___EFG_printf                       clbr20.dll
__get_EFG_cnvs2d_                   mt7r20.dll
___EFG_scanf                        clbr20.dll
malloc_                             clbr20.dll
__LpCmdLine                         clbr20.dll
__LpPgmName                         clbr20.dll
free_                               clbr20.dll


                        +--------------------+
                        |   Libraries Used   |
                        +--------------------+

C:\WATCOM\lib386\nt\opengl32.lib
lib\freeglut.lib
C:\WATCOM\lib386\emu387.lib
C:\WATCOM\lib386\nt\mt7rdll.lib
C:\WATCOM\lib386\nt\clbrdll.lib


                        +-----------------------+
                        |   Linker Statistics   |
                        +-----------------------+

Stack size:  00100000 (1048576.)
Memory size:  25d4 (9684.)
Entry point address: 00401924
Link time: 00:00.47
