Open Watcom Linker Version 2.0 beta Nov  8 2023 01:50:13 (32-bit)
Copyright (c) 2002-2023 The Open Watcom Contributors. All Rights Reserved.
Portions Copyright (c) 1985-2002 Sybase, Inc. All Rights Reserved.
Created on:       24/04/02 15:24:29
Executable Image: bin\CallbackMaker_staticd.exe
creating a Windows NT character-mode executable


                        +------------+
                        |   Groups   |
                        +------------+

Group                           Address              Size
=====                           =======              ====

.idata                          0041f000             00001287
DGROUP                          00421000             0007cfa8



                        +--------------+
                        |   Segments   |
                        +--------------+

Segment                Class          Group          Address         Size
=======                =====          =====          =======         ====

BEGTEXT                CODE           AUTO           00401000        00000007
_TEXT                  CODE           AUTO           00401010        0001dabf
TRANSFER CODE          CODE           AUTO           0041ead0        00000468
.idata                 .idata         .idata         0041f000        00001287
_NULL                  BEGDATA        DGROUP         00421000        00000004
_AFTERNULL             BEGDATA        DGROUP         00421004        00000000
CONST                  DATA           DGROUP         00421004        000046cb
CONST2                 DATA           DGROUP         004256d0        0000f3e8
_DATA                  DATA           DGROUP         00434ab8        00004812
XIB                    DATA           DGROUP         004392ca        00000000
XI                     DATA           DGROUP         004392ca        00000018
XIE                    DATA           DGROUP         004392e2        00000000
YIB                    DATA           DGROUP         004392e2        00000000
YI                     DATA           DGROUP         004392e2        0000000c
YIE                    DATA           DGROUP         004392ee        00000000
TIB                    DATA           DGROUP         004392ee        00000000
TI                     DATA           DGROUP         004392ee        00000000
TIE                    DATA           DGROUP         004392ee        00000000
DATA                   DATA           DGROUP         004392ee        00000000
_BSS                   BSS            DGROUP         0043a000        00063fa8


                        +----------------+
                        |   Memory Map   |
                        +----------------+

* = unreferenced symbol
+ = symbol only referenced locally

Address        Symbol
=======        ======

Module: CMakeFiles\CallbackMaker_static.dir\progs\demos\CallbackMaker\CallbackMaker.c.obj(C:\src\OpenGL\freeglut-3.4.0\progs\demos\CallbackMaker\CallbackMaker.c)
00434abc+      _windows
00434acc+      _reshape_height
00434adc+      _reshape_width
00434aec+      _reshape_seq
00434afc+      _reshape_called
00434b0c+      _position_left
00434b1c+      _position_top
00434b2c+      _position_seq
00434b3c+      _position_called
00434b4c+      _visibility_vis
00434b5c+      _visibility_seq
00434b6c+      _visibility_called
00434b7c+      _windowStatus_state
00434b8c+      _windowStatus_seq
00434b9c+      _windowStatus_called
00434bac+      _key_mod
00434bbc+      _key_y
00434bcc+      _key_x
00434bdc+      _key_key
00434bec+      _key_seq
00434bfc+      _key_called
00434c0c+      _keyup_mod
00434c1c+      _keyup_y
00434c2c+      _keyup_x
00434c3c+      _keyup_key
00434c4c+      _keyup_seq
00434c5c+      _keyup_called
00434c6c+      _special_mod
00434c7c+      _special_y
00434c8c+      _special_x
00434c9c+      _special_key
00434cac+      _special_seq
00434cbc+      _special_called
00434ccc+      _specialup_mod
00434cdc+      _specialup_y
00434cec+      _specialup_x
00434cfc+      _specialup_key
00434d0c+      _specialup_seq
00434d1c+      _specialup_called
00434d2c+      _joystick_d
00434d3c+      _joystick_c
00434d4c+      _joystick_b
00434d5c+      _joystick_a
00434d6c+      _joystick_seq
00434d7c+      _joystick_called
00434d8c+      _mouse_mod
00434d9c+      _mouse_y
00434dac+      _mouse_x
00434dbc+      _mouse_updown
00434dcc+      _mouse_button
00434ddc+      _mouse_seq
00434dec+      _mouse_called
00434dfc+      _mousewheel_mod
00434e0c+      _mousewheel_y
00434e1c+      _mousewheel_x
00434e2c+      _mousewheel_direction
00434e3c+      _mousewheel_number
00434e4c+      _mousewheel_seq
00434e5c+      _mousewheel_called
00434e6c+      _motion_mod
00434e7c+      _motion_y
00434e8c+      _motion_x
00434e9c+      _motion_seq
00434eac+      _motion_called
00434ebc+      _passivemotion_mod
00434ecc+      _passivemotion_y
00434edc+      _passivemotion_x
00434eec+      _passivemotion_seq
00434efc+      _passivemotion_called
00434f0c+      _entry_state
00434f1c+      _entry_seq
00434f2c+      _entry_called
00434f3c+      _close_seq
00434f4c+      _close_called
00434f5c+      _menudestroy_called
004032d5       main_
00434f60+      _menustatus_called
00434f64+      _menustate_called
Module: lib\freeglut_staticd.lib(C:\src\OpenGL\freeglut-3.4.0\src\fg_font.c)
004036bf       fghFontByID_
004037cf       glutBitmapCharacter_
00403931       glutBitmapString_
00403b00       glutBitmapWidth_
00403bd6       glutBitmapLength_
00403d0c       glutBitmapHeight_
00403d9a       glutStrokeCharacter_
00403f8a       glutStrokeString_
00404161       glutStrokeWidthf_
0040425a       glutStrokeWidth_
0040429b       glutStrokeLengthf_
00404406       glutStrokeLength_
00404447       glutStrokeHeight_
Module: lib\freeglut_staticd.lib(C:\src\OpenGL\freeglut-3.4.0\src\fg_window.c)
004044d5       fghIsLegacyContextRequested_
0040454d       fghNumberOfAuxBuffersRequested_
004045e2       fghMapBit_
00404631       fghContextCreationError_
00404678       fgSetWindow_
004046ac       fgOpenWindow_
0040478c       fgCloseWindow_
004047e4       glutCreateWindow_
0040486e       glutCreateSubWindow_
00404a44       glutDestroyWindow_
00404ae0       glutSetWindow_
00404b89       glutGetWindow_
00404c19       glutShowWindow_
00404caf       glutHideWindow_
00404d45       glutIconifyWindow_
00404ddb       glutSetWindowTitle_
00404e78       glutSetIconTitle_
00404f15       glutReshapeWindow_
00404fd1       glutPositionWindow_
0040508d       glutPushWindow_
0040511d       glutPopWindow_
004051ad       glutFullScreen_
004052ac       glutLeaveFullScreen_
00405344       glutFullScreenToggle_
004053c8       glutGetWindowData_
00405454       glutSetWindowData_
Module: lib\freeglut_staticd.lib(C:\src\OpenGL\freeglut-3.4.0\src\fg_state.c)
004054e1       glutSetOption_
004057fa       glutGet_
00405d08       glutDeviceGet_
00405edb       glutGetModifiers_
00405f59       glutLayerGet_
0040604d       glutGetModeValues_
Module: lib\freeglut_staticd.lib(C:\src\OpenGL\freeglut-3.4.0\src\fg_display.c)
004060b8       glutPostRedisplay_
00406133       glutSwapBuffers_
004062af       glutPostWindowRedisplay_
Module: lib\freeglut_staticd.lib(C:\src\OpenGL\freeglut-3.4.0\src\fg_menu.c)
00406dd4       fgDisplayMenu_
00407166       fgUpdateMenuHighlight_
00407192       fgCheckActiveMenu_
004073e4       fgDeactivateMenu_
0040756f+      fghCalculateMenuBoxSize_
00407671       glutCreateMenuUcall_
00407723       glutCreateMenu_
004077ad       glutDestroyMenu_
0040783e       glutGetMenu_
004078b1       glutSetMenu_
0040791f       glutAddMenuEntry_
004079e8       glutAddSubMenu_
00407ad1       glutSetMenuFont_
00407b9d       glutChangeToMenuEntry_
00407c92       glutChangeToSubMenu_
00407da6       glutRemoveMenuItem_
00407e87       glutAttachMenu_
00407f71       glutDetachMenu_
0040805a       glutGetMenuData_
004080af       glutSetMenuData_
Module: lib\freeglut_staticd.lib(C:\src\OpenGL\freeglut-3.4.0\src\fg_callbacks.c)
00408105       glutIdleFuncUcall_
0040818f       glutIdleFunc_
0040820b       glutTimerFuncUcall_
00408374       glutTimerFunc_
004083fe       glutMenuStateFunc_
00408450       glutMenuStatusFuncUcall_
004084e6       glutMenuStatusFunc_
00408562       glutMenuDestroyFuncUcall_
0040860b       glutMenuDestroyFunc_
004086be       glutPositionFuncUcall_
0040877b       glutPositionFunc_
00408833       glutKeyboardFuncUcall_
004088f0       glutKeyboardFunc_
004089a8       glutKeyboardUpFuncUcall_
00408a65       glutKeyboardUpFunc_
00408b1c       glutSpecialFuncUcall_
00408bd9       glutSpecialFunc_
00408c90       glutSpecialUpFuncUcall_
00408d4d       glutSpecialUpFunc_
00408e09       glutMouseFuncUcall_
00408ec6       glutMouseFunc_
00408f82       glutMouseWheelFuncUcall_
0040903f       glutMouseWheelFunc_
004090f2       glutMotionFuncUcall_
004091af       glutMotionFunc_
00409262       glutPassiveMotionFuncUcall_
0040931f       glutPassiveMotionFunc_
004093ce       glutEntryFuncUcall_
0040948b       glutEntryFunc_
00409536       glutCloseFuncUcall_
004095f3       glutCloseFunc_
0040969e       glutWMCloseFuncUcall_
0040975b       glutWMCloseFunc_
00409806       glutOverlayDisplayFuncUcall_
004098c3       glutOverlayDisplayFunc_
00409972       glutWindowStatusFuncUcall_
00409a2f       glutWindowStatusFunc_
00409ae2       glutButtonBoxFuncUcall_
00409b9f       glutButtonBoxFunc_
00409c52       glutDialsFuncUcall_
00409d0f       glutDialsFunc_
00409dc2       glutTabletMotionFuncUcall_
00409e7f       glutTabletMotionFunc_
00409f3b       glutTabletButtonFuncUcall_
00409ff8       glutTabletButtonFunc_
0040a0ab       glutMultiEntryFuncUcall_
0040a168       glutMultiEntryFunc_
0040a228       glutMultiButtonFuncUcall_
0040a2e5       glutMultiButtonFunc_
0040a39c       glutMultiMotionFuncUcall_
0040a459       glutMultiMotionFunc_
0040a510       glutMultiPassiveFuncUcall_
0040a5cd       glutMultiPassiveFunc_
0040a678       glutInitContextFuncUcall_
0040a735       glutInitContextFunc_
0040a7e4       glutAppStatusFuncUcall_
0040a8a1       glutAppStatusFunc_
0040a91d       glutDisplayFuncUcall_
0040aa2a       glutDisplayFunc_
0040aaa6       fghDefaultReshape_
0040aade       glutReshapeFuncUcall_
0040abef       glutReshapeFunc_
0040ad36       glutVisibilityFuncUcall_
0040ae64       glutVisibilityFunc_
0040aee0       glutJoystickFuncUcall_
0040b0c0       glutJoystickFunc_
0040b143       glutSpaceballMotionFuncUcall_
0040b240       glutSpaceballMotionFunc_
0040b2bc       glutSpaceballRotateFuncUcall_
0040b3b9       glutSpaceballRotateFunc_
0040b435       glutSpaceballButtonFuncUcall_
0040b52e       glutSpaceballButtonFunc_
Module: lib\freeglut_staticd.lib(C:\src\OpenGL\freeglut-3.4.0\src\fg_init.c)
00434fac       _fgState
0040b5aa+      fghParseCommandLineArguments_
0040b949       fghCloseInputDevices_
0040b998       fgDeinitialize_
0040bc03       glutInit_
0040bdb6       glutExit_
0040bddc       glutInitWindowPosition_
0040be46       glutInitWindowSize_
0040bea2       glutInitDisplayMode_
0040bece       glutInitDisplayString_
0040c164       glutInitContextVersion_
0040c199       glutInitContextFlags_
0040c1c5       glutInitContextProfile_
0040c1f1       glutInitErrorFuncUcall_
0040c25d       glutInitErrorFunc_
0040c2b3       glutInitWarningFuncUcall_
0040c31f       glutInitWarningFunc_
0043a100       _fgDisplay
Module: lib\freeglut_staticd.lib(C:\src\OpenGL\freeglut-3.4.0\src\fg_misc.c)
0040c375       glutExtensionSupported_
0040c62b       glutReportErrors_
0040c6a3       glutIgnoreKeyRepeat_
0040c74e       glutSetKeyRepeat_
0040c7ff       glutSetColor_
0040c86e       glutGetColor_
0040c8ca       glutCopyColormap_
Module: lib\freeglut_staticd.lib(C:\src\OpenGL\freeglut-3.4.0\src\fg_cursor.c)
0040c91c       fgSetCursor_
0040c94c       glutSetCursor_
0040c9e3       glutWarpPointer_
Module: lib\freeglut_staticd.lib(C:\src\OpenGL\freeglut-3.4.0\src\fg_main.c)
0040ca6d       fghOnReshapeNotify_
0040cb58       fghOnPositionNotify_
0040cc27+      fghRedrawWindow_
0040cca3       fghRedrawWindowAndChildren_
0040cee3       fgSystemTime_
0040cf0f       fgElapsedTime_
0040cf41       fgError_
0040d040       fgWarning_
0040d2da+      fgProcessWork_
0040d418       glutMainLoopEvent_
0040d496       glutMainLoop_
0040d5d9       glutLeaveMainLoop_
Module: C:\WATCOM\lib386\nt\clbrdll.lib(cstrtwnt)
0040d628       _cstart_
0040d628*      mainCRTStartup
Module: C:\WATCOM\lib386\nt\clbrdll.lib(fltuse80.c)
0043510c       _fltused_
Module: C:\WATCOM\lib386\emu387.lib(386stub.asm)
0040d6c0       __init_387_emulator
0040d6c1*      __fini_387_emulator
Module: C:\WATCOM\lib386\nt\clbrdll.lib(argcv.c)
0043a1b4       __argv
0043a1b8       __argc
0043a1bc       ___argc
0043a1c0       ___argv
Module: lib\freeglut_staticd.lib(C:\src\OpenGL\freeglut-3.4.0\src\fg_font_data.c)
00435514       _fgFontFixed8x13
00435930       _fgFontFixed9x15
00435d4c       _fgFontHelvetica10
00436168       _fgFontHelvetica12
00436584       _fgFontHelvetica18
004369a0       _fgFontTimesRoman10
00436dbc       _fgFontTimesRoman24
Module: lib\freeglut_staticd.lib(C:\src\OpenGL\freeglut-3.4.0\src\fg_stroke_roman.c)
00436fd4       _fgStrokeRoman
Module: lib\freeglut_staticd.lib(C:\src\OpenGL\freeglut-3.4.0\src\fg_stroke_mono_roman.c)
004371e4       _fgStrokeMonoRoman
Module: lib\freeglut_staticd.lib(C:\src\OpenGL\freeglut-3.4.0\src\mswin\fg_window_mswin.c)
0040d8bd       fgNewWGLCreateContext_
0040dd13       fgSetupPixelFormat_
0040e040       fgPlatformSetWindow_
0040e0d5+      fghGetDefaultWindowStyle_
0040e12c       fghGetStyleFromWindow_
0040e1bd       fghComputeWindowRectFromClientArea_UseStyle_
0040e26c       fghComputeWindowRectFromClientArea_QueryWindow_
0040e2bf       fghGetClientArea_
0040e497       fgPlatformOpenWindow_
0040eb01       fgPlatformCloseWindow_
0040ebf8       fgPlatformHideWindow_
0040ec2a       fgPlatformGlutSetWindowTitle_
0040ecb8       fgPlatformGlutSetIconTitle_
0040ed46*      __glutCreateWindowWithExit_
Module: lib\freeglut_staticd.lib(C:\src\OpenGL\freeglut-3.4.0\src\fg_structure.c)
0040edf0       fgCreateWindow_
0040ef78       fgCreateMenu_
0040f065       fgAddToWindowDestroyList_
0040f14b       fgCloseWindows_
0040f1a9       fgDestroyWindow_
0040f422       fgDestroyMenu_
0040f5ab       fgCreateStructure_
0040f626       fgDestroyStructure_
0040f67b       fgEnumWindows_
0040f729       fgEnumMenus_
0040f7d7       fgEnumSubWindows_
0040f921       fgWindowByHandle_
0040f9f0       fgWindowByID_
0040faaf       fgMenuByID_
0040fb67       fgGetActiveMenu_
0040fbba       fgListInit_
0040fbf1       fgListAppend_
0040fc70       fgListRemove_
0040fd10       fgListLength_
0040fd64       fgListInsert_
004371f8       _fgStructure
Module: lib\freeglut_staticd.lib(C:\src\OpenGL\freeglut-3.4.0\src\fg_gl2.c)
0040fdfe       glutSetVertexAttribCoord3_
0040fe40       glutSetVertexAttribNormal_
0040fe82       glutSetVertexAttribTexCoord2_
0040fec4       fgInitGL2_
0043a1c4       _fghBufferData
0043a1c8       _fghDeleteBuffers
0043a1cc       _fghGenBuffers
0043a1d0       _fghVertexAttribPointer
0043a1d4       _fghBindBuffer
0043a1d8       _fghEnableVertexAttribArray
0043a1dc       _fghDisableVertexAttribArray
Module: lib\freeglut_staticd.lib(C:\src\OpenGL\freeglut-3.4.0\src\fg_gamemode.c)
0040ffd7       glutGameModeString_
00410196       glutEnterGameMode_
0041027b       glutLeaveGameMode_
004102fc       glutGameModeGet_
Module: lib\freeglut_staticd.lib(C:\src\OpenGL\freeglut-3.4.0\src\mswin\fg_state_mswin.c)
00410469       fgPlatformGlutGet_
00410bea       fgPlatformGlutDeviceGet_
00410c8c       fgPlatformGlutGetModeValues_
Module: lib\freeglut_staticd.lib(C:\src\OpenGL\freeglut-3.4.0\src\fg_joystick.c)
00410cc4+      fgJoystickRawRead_
004111b1       fgInitialiseJoysticks_
0041120c       fgJoystickClose_
00411292       fgJoystickPollWindow_
004113bf       fgJoystickDetect_
00411464       glutForceJoystickFunc_
004114f5       glutJoystickGetNumAxes_
00411557       glutJoystickGetNumButtons_
004115b9       glutJoystickNotWorking_
0041161c       glutJoystickGetDeadBand_
00411687       glutJoystickSetDeadBand_
004116f1       glutJoystickGetSaturation_
0041175c       glutJoystickSetSaturation_
004117c6       glutJoystickSetMinRange_
00411840       glutJoystickSetMaxRange_
004118ba       glutJoystickSetCenter_
00411934       glutJoystickGetMinRange_
004119af       glutJoystickGetMaxRange_
00411a2a       glutJoystickGetCenter_
0043a1e4+      _fgJoystick
Module: lib\freeglut_staticd.lib(C:\src\OpenGL\freeglut-3.4.0\src\fg_input_devices.c)
00411aa5       fgInputDeviceDetect_
00411b08       fgInitialiseInputDevices_
00411bb3       fgInputDeviceClose_
Module: lib\freeglut_staticd.lib(C:\src\OpenGL\freeglut-3.4.0\src\fg_spaceball.c)
00411e6a       fgInitialiseSpaceball_
00411ea7*      fgSpaceballClose_
00411ecd       fgHasSpaceball_
00411f37       fgSpaceballNumButtons_
00411fa1*      fgSpaceballSetWindow_
00437234       _fg_sball_initialized
Module: lib\freeglut_staticd.lib(C:\src\OpenGL\freeglut-3.4.0\src\mswin\fg_display_mswin.c)
00411ff6       fgPlatformGlutSwapBuffers_
Module: lib\freeglut_staticd.lib(C:\src\OpenGL\freeglut-3.4.0\src\mswin\fg_menu_mswin.c)
00412027       fgPlatformGetGameModeVMaxExtent_
004120ea       fgPlatformCheckMenuDeactivate_
0041218c*      __glutCreateMenuWithExit_
004121c7*      __glutCreateMenuUcallWithExit_
Module: lib\freeglut_staticd.lib(C:\src\OpenGL\freeglut-3.4.0\src\mswin\fg_cursor_mswin.c)
00412206       fgPlatformSetCursor_
00412849       fgPlatformWarpPointer_
0041289a       fghPlatformGetCursorPos_
Module: lib\freeglut_staticd.lib(C:\src\OpenGL\freeglut-3.4.0\src\mswin\fg_init_mswin.c)
00412917       fgPlatformInitialize_
00412b81       fgPlatformDeinitialiseInputDevices_
00412bb5       fgPlatformCloseDisplay_
00412c05       fgPlatformDestroyContext_
00412c28*      __glutInitWithExit_
00437238       ___glutExitFunc
Module: lib\freeglut_staticd.lib(C:\src\OpenGL\freeglut-3.4.0\src\util\xparsegeometry_repl.c)
00412d2a       XParseGeometry_
Module: lib\freeglut_staticd.lib(C:\src\OpenGL\freeglut-3.4.0\src\mswin\fg_cmap_mswin.c)
00413039       fgPlatformSetColor_
00413130       fgPlatformGetColor_
00413232       fgPlatformCopyColormap_
Module: lib\freeglut_staticd.lib(C:\src\OpenGL\freeglut-3.4.0\src\mswin\fg_main_mswin.c)
00413264       fgPlatformInitSystemTime_
00413290       fgPlatformSystemTime_
004132e5       fgPlatformSleepForEvents_
0041331e       fgPlatformProcessSingleEvent_
0041355c       fgPlatformMainLoopPreliminaryWork_
00413eeb+      fghWindowUnderCursor_
00413fc3       _fgPlatformWindowProc@16
00415859       fgPlatformInitWork_
004158dd       fgPlatformPosResZordWork_
00415c94       fgPlatformVisibilityWork_
Module: C:\WATCOM\lib386\nt\clbrdll.lib(main3wnt.c)
00415d70       __NTMain
Module: C:\WATCOM\lib386\nt\clbrdll.lib(segdefns)
00401003       ___begtext
00421000*      __nullarea
004392ca       __Start_XI
004392e2       __End_XI
004392e2       __Start_YI
004392ee       __End_YI
Module: C:\WATCOM\lib386\nt\clbrdll.lib(dsetefg.c)
00415db0       __setEFGfmt_
Module: C:\WATCOM\lib386\nt\clbrdll.lib(dinitarg.c)
00415f70       __Init_Argv_
00415fd0       __Fini_Argv_
Module: lib\freeglut_staticd.lib(C:\src\OpenGL\freeglut-3.4.0\src\mswin\fg_structure_mswin.c)
00415fe1       fgPlatformCreateWindow_
Module: lib\freeglut_staticd.lib(C:\src\OpenGL\freeglut-3.4.0\src\fg_ext.c)
004178a1       glutGetProcAddress_
Module: lib\freeglut_staticd.lib(C:\src\OpenGL\freeglut-3.4.0\src\mswin\fg_gamemode_mswin.c)
00417939+      fghChangeDisplayMode_
00417bab       fgPlatformRememberState_
00417be7       fgPlatformRestoreState_
00417c14       fgPlatformChangeDisplayMode_
00417ced       fgPlatformEnterGameMode_
00417d0e       fgPlatformLeaveGameMode_
Module: lib\freeglut_staticd.lib(C:\src\OpenGL\freeglut-3.4.0\src\mswin\fg_joystick_mswin.c)
00417d2f       fgPlatformJoystickRawRead_
00418230       fgPlatformJoystickOpen_
0041856c       fgPlatformJoystickInit_
0041862f       fgPlatformJoystickClose_
Module: lib\freeglut_staticd.lib(C:\src\OpenGL\freeglut-3.4.0\src\mswin\fg_input_devices_mswin.c)
0041866f       fgPlatformRegisterDialDevice_
00418715       fg_serial_open_
00418831       fg_serial_close_
004188a1       fg_serial_getchar_
0041892c       fg_serial_putchar_
0041898e       fg_serial_flush_
Module: lib\freeglut_staticd.lib(C:\src\OpenGL\freeglut-3.4.0\src\mswin\fg_spaceball_mswin.c)
004189bd       fgPlatformInitializeSpaceball_
00418a60       fgPlatformSpaceballClose_
00418a81       fgPlatformHasSpaceball_
00418acd       fgPlatformSpaceballNumButtons_
00418af8       fgPlatformSpaceballSetWindow_
00418b1c*      fgIsSpaceballWinEvent_
00418b4c       fgSpaceballHandleWinEvent_
00437258+      ___fgSpaceKeystate
0043725c+      ___fgSpaceball
Module: C:\WATCOM\lib386\nt\clbrdll.lib(initrtns.c)
00418f30       __InitRtns
00418f80       __FiniRtns
Module: C:\WATCOM\lib386\nt\clbrdll.lib(dcinit.c)
00418fe0       __CommonInit_
Module: C:\WATCOM\lib386\nt\clbrdll.lib(dosseg)
00001234       __DOSseg__
Module: C:\WATCOM\lib386\nt\clbrdll.lib(histsplt.c)
0043a2f8       ___historical_splitparms
Module: lib\freeglut_staticd.lib(C:\src\OpenGL\freeglut-3.4.0\src\fg_overlay.c)
00418ff0       glutEstablishOverlay_
00419011       glutRemoveOverlay_
00419032       glutUseLayer_
00419056       glutPostOverlayRedisplay_
00419077       glutPostWindowOverlayRedisplay_
0041909b       glutShowOverlay_
004190bc       glutHideOverlay_
Module: lib\freeglut_staticd.lib(C:\src\OpenGL\freeglut-3.4.0\src\fg_geometry.c)
004190dd       fghDrawGeometryWire_
004191e3       fghDrawGeometrySolid_
0041ac6f+      fghGenerateCone_
0041b019+      fghGenerateCylinder_
0041b484+      fghGenerateTorus_
0041ca5e       glutSolidSphere_
0041cac0       glutWireSphere_
0041cb25       glutSolidCone_
0041cb90       glutWireCone_
0041cbfe       glutSolidCylinder_
0041cc69       glutWireCylinder_
0041ccd7       glutWireTorus_
0041cd45       glutSolidTorus_
0041cdb0       glutWireCube_
0041ce0d       glutSolidCube_
0041ce67       glutWireDodecahedron_
0041ceb8       glutSolidDodecahedron_
0041cf06       glutWireIcosahedron_
0041cf57       glutSolidIcosahedron_
0041cfa5       glutWireOctahedron_
0041cff6       glutSolidOctahedron_
0041d044       glutWireRhombicDodecahedron_
0041d095       glutSolidRhombicDodecahedron_
0041d0e3       glutWireSierpinskiSponge_
0041d14a       glutSolidSierpinskiSponge_
0041d1ae       glutWireTetrahedron_
0041d1ff       glutSolidTetrahedron_
Module: lib\freeglut_staticd.lib(C:\src\OpenGL\freeglut-3.4.0\src\fg_teapot.c)
0041e4df       glutWireTeapot_
0041e584       glutSolidTeapot_
0041e62d       glutWireTeacup_
0041e6d5       glutSolidTeacup_
0041e781       glutWireTeaspoon_
0041e826       glutSolidTeaspoon_
Module: lib\freeglut_staticd.lib(C:\src\OpenGL\freeglut-3.4.0\src\fg_videoresize.c)
0041e8cf       glutVideoResizeGet_
0041e8fd       glutSetupVideoResizing_
0041e91e       glutStopVideoResizing_
0041e93f       glutVideoResize_
0041e966       glutVideoPan_
Module: lib\freeglut_staticd.lib(C:\src\OpenGL\freeglut-3.4.0\src\mswin\fg_ext_mswin.c)
0041e98d       fgPlatformGetGLUTProcAddress_
0041ea9b       fgPlatformGetProcAddress_


                        +----------------------+
                        |   Imported Symbols   |
                        +----------------------+

Symbol                              Module
======                              ======

__CHK                               clbr20.dll
__8087                              clbr20.dll
_vsnprintf_                         clbr20.dll
__CHP                               mt7r20.dll
strcat_                             clbr20.dll
_glClear@4                          OPENGL32.DLL
_glDisable@4                        OPENGL32.DLL
_glMatrixMode@4                     OPENGL32.DLL
_glPushMatrix@0                     OPENGL32.DLL
_glLoadIdentity@0                   OPENGL32.DLL
_glOrtho@48                         OPENGL32.DLL
_glColor3ub@12                      OPENGL32.DLL
_glRasterPos2i@8                    OPENGL32.DLL
_glPopMatrix@0                      OPENGL32.DLL
_glEnable@4                         OPENGL32.DLL
printf_                             clbr20.dll
vprintf_                            clbr20.dll
___iob_br                           clbr20.dll
fgets_                              clbr20.dll
exit_                               clbr20.dll
_glViewport@16                      OPENGL32.DLL
_glClearColor@16                    OPENGL32.DLL
_SetLD80bit_                        clbr20.dll
_glPushClientAttrib@4               OPENGL32.DLL
_glPixelStorei@8                    OPENGL32.DLL
_glBitmap@28                        OPENGL32.DLL
_glPopClientAttrib@0                OPENGL32.DLL
_glBegin@4                          OPENGL32.DLL
_glVertex2f@8                       OPENGL32.DLL
_glEnd@0                            OPENGL32.DLL
_glTranslatef@12                    OPENGL32.DLL
_glDrawBuffer@4                     OPENGL32.DLL
_glReadBuffer@4                     OPENGL32.DLL
_glFlush@0                          OPENGL32.DLL
fprintf_                            clbr20.dll
_glColor4f@16                       OPENGL32.DLL
_glVertex2i@8                       OPENGL32.DLL
_glColor4fv@4                       OPENGL32.DLL
_glPushAttrib@4                     OPENGL32.DLL
_glPopAttrib@0                      OPENGL32.DLL
calloc_                             clbr20.dll
_strdup_                            clbr20.dll
free_                               clbr20.dll
malloc_                             clbr20.dll
getenv_                             clbr20.dll
sscanf_                             clbr20.dll
strcmp_                             clbr20.dll
strlen_                             clbr20.dll
memcpy_                             clbr20.dll
strtok_                             clbr20.dll
strcspn_                            clbr20.dll
strncmp_                            clbr20.dll
strchr_                             clbr20.dll
_glGetString@4                      OPENGL32.DLL
strstr_                             clbr20.dll
_glGetError@0                       OPENGL32.DLL
vfprintf_                           clbr20.dll
_wglGetProcAddress@4                OPENGL32.DLL
_wglMakeCurrent@8                   OPENGL32.DLL
_wglDeleteContext@4                 OPENGL32.DLL
memset_                             clbr20.dll
_CreateDCA@16                       GDI32.DLL
_ChoosePixelFormat@8                GDI32.DLL
_wglGetCurrentContext@0             OPENGL32.DLL
_wglGetCurrentDC@0                  OPENGL32.DLL
_DefWindowProcA@16                  USER32.DLL
_RegisterClassA@4                   USER32.DLL
_CreateWindowExA@48                 USER32.DLL
_GetDC@4                            USER32.DLL
_SetPixelFormat@12                  GDI32.DLL
_wglCreateContext@4                 OPENGL32.DLL
_ReleaseDC@8                        USER32.DLL
_DestroyWindow@4                    USER32.DLL
_UnregisterClassA@8                 USER32.DLL
_DescribePixelFormat@16             GDI32.DLL
_DeleteDC@4                         GDI32.DLL
_GetWindowLongA@8                   USER32.DLL
_CopyRect@8                         USER32.DLL
_AdjustWindowRectEx@16              USER32.DLL
_GetClientRect@8                    USER32.DLL
_GetWindowRect@8                    USER32.DLL
_OffsetRect@12                      USER32.DLL
_ClientToScreen@8                   USER32.DLL
_GetMonitorInfoA@8                  USER32.DLL
_EnumDisplayMonitors@16             USER32.DLL
_GetClassInfoA@12                   USER32.DLL
_SetWindowLongA@12                  USER32.DLL
_SetWindowPos@28                    USER32.DLL
_GetSystemPaletteEntries@16         GDI32.DLL
_CreatePalette@4                    GDI32.DLL
_SelectPalette@12                   GDI32.DLL
_RealizePalette@4                   GDI32.DLL
_GetDeviceCaps@8                    GDI32.DLL
_GetModuleHandleA@4                 KERNEL32.DLL
_GetProcAddress@8                   KERNEL32.DLL
_ShowWindow@8                       USER32.DLL
_ShowCursor@4                       USER32.DLL
_IsIconic@4                         USER32.DLL
_SetWindowTextA@8                   USER32.DLL
_glGetIntegerv@8                    OPENGL32.DLL
_glGetBooleanv@8                    OPENGL32.DLL
_GetPixelFormat@4                   GDI32.DLL
_ScreenToClient@8                   USER32.DLL
_SetRect@20                         USER32.DLL
_GetSystemMetrics@4                 USER32.DLL
sin_                                mt7r20.dll
cos_                                mt7r20.dll
_SwapBuffers@4                      GDI32.DLL
_LoadCursorA@8                      USER32.DLL
_SetCursor@4                        USER32.DLL
_SetClassLongA@12                   USER32.DLL
_SetCursorPos@8                     USER32.DLL
_GetCursorPos@4                     USER32.DLL
_LoadIconA@8                        USER32.DLL
_GetDesktopWindow@0                 USER32.DLL
_timeBeginPeriod@4                  WINMM.DLL
_timeEndPeriod@4                    WINMM.DLL
_SetPaletteEntries@16               GDI32.DLL
_UnrealizeObject@4                  GDI32.DLL
_GetPaletteEntries@16               GDI32.DLL
_timeGetTime@0                      WINMM.DLL
_MsgWaitForMultipleObjects@20       USER32.DLL
_PeekMessageA@20                    USER32.DLL
_GetMessageA@16                     USER32.DLL
_TranslateMessage@4                 USER32.DLL
_DispatchMessageA@4                 USER32.DLL
_GetKeyState@4                      USER32.DLL
_GetKeyboardState@4                 USER32.DLL
_ToAscii@20                         USER32.DLL
_GetMessagePos@0                    USER32.DLL
_ChildWindowFromPoint@12            USER32.DLL
_SetActiveWindow@4                  USER32.DLL
_UpdateWindow@4                     USER32.DLL
_TrackMouseEvent@4                  USER32.DLL
_GetUpdateRect@12                   USER32.DLL
_BeginPaint@8                       USER32.DLL
_EndPaint@8                         USER32.DLL
_PostQuitMessage@4                  USER32.DLL
_SetCapture@4                       USER32.DLL
_ReleaseCapture@0                   USER32.DLL
abs_                                clbr20.dll
_InvalidateRect@12                  USER32.DLL
_IsZoomed@4                         USER32.DLL
_SendMessageA@16                    USER32.DLL
_MonitorFromWindow@8                USER32.DLL
__NewExceptionFilter_               clbr20.dll
___process_fini                     clbr20.dll
____Argv                            clbr20.dll
____Argc                            clbr20.dll
__get_EFG_Format_                   mt7r20.dll
___EFG_printf                       clbr20.dll
__get_EFG_cnvs2d_                   mt7r20.dll
___EFG_scanf                        clbr20.dll
__LpCmdLine                         clbr20.dll
__LpPgmName                         clbr20.dll
sqrt_                               mt7r20.dll
_EnumDisplaySettingsA@12            USER32.DLL
_ChangeDisplaySettingsExA@20        USER32.DLL
sprintf_                            clbr20.dll
_joyGetPosEx@8                      WINMM.DLL
_snprintf_                          clbr20.dll
_RegOpenKeyExA@20                   ADVAPI32.DLL
_RegQueryValueExA@24                ADVAPI32.DLL
_RegCloseKey@4                      ADVAPI32.DLL
_joyGetDevCapsA@12                  WINMM.DLL
strncpy_                            clbr20.dll
_RegOpenKeyA@12                     ADVAPI32.DLL
_CreateFileA@28                     KERNEL32.DLL
_GetCommState@8                     KERNEL32.DLL
_GetCommTimeouts@8                  KERNEL32.DLL
_BuildCommDCBA@8                    KERNEL32.DLL
_SetCommState@8                     KERNEL32.DLL
_SetCommTimeouts@8                  KERNEL32.DLL
_CloseHandle@4                      KERNEL32.DLL
_ReadFile@20                        KERNEL32.DLL
_WriteFile@20                       KERNEL32.DLL
_FlushFileBuffers@4                 KERNEL32.DLL
_RegisterRawInputDevices@12         USER32.DLL
_GetRawInputData@20                 USER32.DLL
_GetRawInputDeviceInfoA@16          USER32.DLL
_glEnableClientState@4              OPENGL32.DLL
_glVertexPointer@16                 OPENGL32.DLL
_glNormalPointer@12                 OPENGL32.DLL
_glDrawArrays@12                    OPENGL32.DLL
_glDrawElements@16                  OPENGL32.DLL
_glDisableClientState@4             OPENGL32.DLL
_glTexCoordPointer@16               OPENGL32.DLL
_glGetFloatv@8                      OPENGL32.DLL


                        +--------------------+
                        |   Libraries Used   |
                        +--------------------+

C:\WATCOM\lib386\nt\kernel32.lib
C:\WATCOM\lib386\nt\user32.lib
C:\WATCOM\lib386\nt\gdi32.lib
C:\WATCOM\lib386\nt\advapi32.lib
C:\WATCOM\lib386\nt\opengl32.lib
C:\WATCOM\lib386\nt\winmm.lib
lib\freeglut_staticd.lib
C:\WATCOM\lib386\emu387.lib
C:\WATCOM\lib386\nt\mt7rdll.lib
C:\WATCOM\lib386\nt\clbrdll.lib


                        +-----------------------+
                        |   Linker Statistics   |
                        +-----------------------+

Stack size:  00100000 (1048576.)
Memory size:  0009c167 (639335.)
Entry point address: 0040d628
Link time: 00:00.72
