Open Watcom Linker Version 2.0 beta Nov  8 2023 01:50:13 (32-bit)
Copyright (c) 2002-2023 The Open Watcom Contributors. All Rights Reserved.
Portions Copyright (c) 1985-2002 Sybase, Inc. All Rights Reserved.
Created on:       24/04/02 15:49:44
Executable Image: bin\CallbackMaker_static.exe
creating a Windows NT character-mode executable


                        +------------+
                        |   Groups   |
                        +------------+

Group                           Address              Size
=====                           =======              ====

.idata                          00414000             0000127f
DGROUP                          00416000             0007cfa8



                        +--------------+
                        |   Segments   |
                        +--------------+

Segment                Class          Group          Address         Size
=======                =====          =====          =======         ====

BEGTEXT                CODE           AUTO           00401000        00000007
_TEXT                  CODE           AUTO           00401010        0001274c
TRANSFER CODE          CODE           AUTO           0041375c        00000462
.idata                 .idata         .idata         00414000        0000127f
_NULL                  BEGDATA        DGROUP         00416000        00000004
_AFTERNULL             BEGDATA        DGROUP         00416004        00000000
CONST                  DATA           DGROUP         00416004        000046b3
CONST2                 DATA           DGROUP         0041a6b8        0000f3e8
_DATA                  DATA           DGROUP         00429aa0        00004831
XIB                    DATA           DGROUP         0042e2d2        00000000
XI                     DATA           DGROUP         0042e2d2        00000018
XIE                    DATA           DGROUP         0042e2ea        00000000
YIB                    DATA           DGROUP         0042e2ea        00000000
YI                     DATA           DGROUP         0042e2ea        0000000c
YIE                    DATA           DGROUP         0042e2f6        00000000
TIB                    DATA           DGROUP         0042e2f6        00000000
TI                     DATA           DGROUP         0042e2f6        00000000
TIE                    DATA           DGROUP         0042e2f6        00000000
DATA                   DATA           DGROUP         0042e2f6        00000000
_BSS                   BSS            DGROUP         0042f000        00063fa8


                        +----------------+
                        |   Memory Map   |
                        +----------------+

* = unreferenced symbol
+ = symbol only referenced locally

Address        Symbol
=======        ======

Module: CMakeFiles\CallbackMaker_static.dir\progs\demos\CallbackMaker\CallbackMaker.c.obj(C:\src\OpenGL\freeglut-3.4.0\progs\demos\CallbackMaker\CallbackMaker.c)
00429aa4+      _windows
00429ab4+      _reshape_height
00429ac4+      _reshape_width
00429ad4+      _reshape_seq
00429ae4+      _reshape_called
00429af4+      _position_left
00429b04+      _position_top
00429b14+      _position_seq
00429b24+      _position_called
00429b34+      _visibility_vis
00429b44+      _visibility_seq
00429b54+      _visibility_called
00429b64+      _windowStatus_state
00429b74+      _windowStatus_seq
00429b84+      _windowStatus_called
00429b94+      _key_mod
00429ba4+      _key_y
00429bb4+      _key_x
00429bc4+      _key_key
00429bd4+      _key_seq
00429be4+      _key_called
00429bf4+      _keyup_mod
00429c04+      _keyup_y
00429c14+      _keyup_x
00429c24+      _keyup_key
00429c34+      _keyup_seq
00429c44+      _keyup_called
00429c54+      _special_mod
00429c64+      _special_y
00429c74+      _special_x
00429c84+      _special_key
00429c94+      _special_seq
00429ca4+      _special_called
00429cb4+      _specialup_mod
00429cc4+      _specialup_y
00429cd4+      _specialup_x
00429ce4+      _specialup_key
00429cf4+      _specialup_seq
00429d04+      _specialup_called
00429d14+      _joystick_d
00429d24+      _joystick_c
00429d34+      _joystick_b
00429d44+      _joystick_a
00429d54+      _joystick_seq
00429d64+      _joystick_called
00429d74+      _mouse_mod
00429d84+      _mouse_y
00429d94+      _mouse_x
00429da4+      _mouse_updown
00429db4+      _mouse_button
00429dc4+      _mouse_seq
00429dd4+      _mouse_called
00429de4+      _mousewheel_mod
00429df4+      _mousewheel_y
00429e04+      _mousewheel_x
00429e14+      _mousewheel_direction
00429e24+      _mousewheel_number
00429e34+      _mousewheel_seq
00429e44+      _mousewheel_called
00429e54+      _motion_mod
00429e64+      _motion_y
00429e74+      _motion_x
00429e84+      _motion_seq
00429e94+      _motion_called
00429ea4+      _passivemotion_mod
00429eb4+      _passivemotion_y
00429ec4+      _passivemotion_x
00429ed4+      _passivemotion_seq
00429ee4+      _passivemotion_called
00429ef4+      _entry_state
00429f04+      _entry_seq
00429f14+      _entry_called
00429f24*      _close_seq
00429f34*      _close_called
00429f44+      _menudestroy_called
00402ad0       main_
00429f48+      _menustatus_called
00429f4c+      _menustate_called
Module: lib\freeglut_static.lib(C:\src\OpenGL\freeglut-3.4.0\src\fg_font.c)
00402e60       fghFontByID_
00402ed0       glutBitmapCharacter_
00402fc0       glutBitmapString_
00403120       glutBitmapWidth_
00403180       glutBitmapLength_
00403210       glutBitmapHeight_
00403250       glutStrokeCharacter_
00403330       glutStrokeString_
00403450       glutStrokeWidthf_
004034d0       glutStrokeWidth_
004034f0       glutStrokeLengthf_
004035d0       glutStrokeLength_
004035f0       glutStrokeHeight_
Module: lib\freeglut_static.lib(C:\src\OpenGL\freeglut-3.4.0\src\fg_window.c)
00403640       fghIsLegacyContextRequested_
00403670       fghNumberOfAuxBuffersRequested_
004036a0       fghMapBit_
004036b0       fghContextCreationError_
004036e0       fgSetWindow_
004036f0       fgOpenWindow_
00403780       fgCloseWindow_
004037b0       glutCreateWindow_
00403810       glutCreateSubWindow_
004038d0       glutDestroyWindow_
00403910       glutSetWindow_
00403960       glutGetWindow_
00403990       glutShowWindow_
004039f0       glutHideWindow_
00403a50       glutIconifyWindow_
00403ab0       glutSetWindowTitle_
00403b10       glutSetIconTitle_
00403b70       glutReshapeWindow_
00403be0       glutPositionWindow_
00403c50       glutPushWindow_
00403cb0       glutPopWindow_
00403d10       glutFullScreen_
00403da0       glutLeaveFullScreen_
00403df0       glutFullScreenToggle_
00403e40       glutGetWindowData_
00403e90       glutSetWindowData_
Module: lib\freeglut_static.lib(C:\src\OpenGL\freeglut-3.4.0\src\fg_state.c)
00403ee0       glutSetOption_
00404090       glutGet_
004044a0       glutDeviceGet_
00404560       glutGetModifiers_
004045b0       glutLayerGet_
00404600       glutGetModeValues_
Module: lib\freeglut_static.lib(C:\src\OpenGL\freeglut-3.4.0\src\fg_display.c)
00404630       glutPostRedisplay_
00404670       glutSwapBuffers_
00404780       glutPostWindowRedisplay_
Module: lib\freeglut_static.lib(C:\src\OpenGL\freeglut-3.4.0\src\fg_menu.c)
00404840       fgUpdateMenuHighlight_
00404e30       fgDisplayMenu_
004050d0       fgCheckActiveMenu_
00405200       fgDeactivateMenu_
00405300+      fghCalculateMenuBoxSize_
00405390       glutCreateMenuUcall_
004053e0       glutCreateMenu_
00405420       glutDestroyMenu_
00405470       glutGetMenu_
004054a0       glutSetMenu_
004054d0       glutAddMenuEntry_
00405550       glutAddSubMenu_
004055e0       glutSetMenuFont_
00405650       glutChangeToMenuEntry_
004056d0       glutChangeToSubMenu_
00405760       glutRemoveMenuItem_
004057f0       glutAttachMenu_
00405860       glutDetachMenu_
004058d0       glutGetMenuData_
00405900       glutSetMenuData_
Module: lib\freeglut_static.lib(C:\src\OpenGL\freeglut-3.4.0\src\fg_callbacks.c)
00405930       glutIdleFuncUcall_
00405970       glutIdleFunc_
004059b0       glutTimerFuncUcall_
00405a60       glutTimerFunc_
00405aa0       glutMenuStateFunc_
00405ad0       glutMenuStatusFuncUcall_
00405b10       glutMenuStatusFunc_
00405b50       glutMenuDestroyFuncUcall_
00405ba0       glutMenuDestroyFunc_
00405bf0       glutPositionFuncUcall_
00405c40       glutPositionFunc_
00405ca0       glutKeyboardFuncUcall_
00405cf0       glutKeyboardFunc_
00405d50       glutKeyboardUpFuncUcall_
00405da0       glutKeyboardUpFunc_
00405df0       glutSpecialFuncUcall_
00405e40       glutSpecialFunc_
00405e90       glutSpecialUpFuncUcall_
00405ee0       glutSpecialUpFunc_
00405f30       glutMouseFuncUcall_
00405f80       glutMouseFunc_
00405fd0       glutMouseWheelFuncUcall_
00406020       glutMouseWheelFunc_
00406070       glutMotionFuncUcall_
004060c0       glutMotionFunc_
00406110       glutPassiveMotionFuncUcall_
00406160       glutPassiveMotionFunc_
004061b0       glutEntryFuncUcall_
00406200       glutEntryFunc_
00406250       glutCloseFuncUcall_
004062a0       glutCloseFunc_
004062f0       glutWMCloseFuncUcall_
00406340       glutWMCloseFunc_
00406390       glutOverlayDisplayFuncUcall_
004063e0       glutOverlayDisplayFunc_
00406430       glutWindowStatusFuncUcall_
00406480       glutWindowStatusFunc_
004064d0       glutButtonBoxFuncUcall_
00406520       glutButtonBoxFunc_
00406570       glutDialsFuncUcall_
004065c0       glutDialsFunc_
00406610       glutTabletMotionFuncUcall_
00406660       glutTabletMotionFunc_
004066b0       glutTabletButtonFuncUcall_
00406700       glutTabletButtonFunc_
00406750       glutMultiEntryFuncUcall_
004067a0       glutMultiEntryFunc_
00406800       glutMultiButtonFuncUcall_
00406850       glutMultiButtonFunc_
004068a0       glutMultiMotionFuncUcall_
004068f0       glutMultiMotionFunc_
00406940       glutMultiPassiveFuncUcall_
00406990       glutMultiPassiveFunc_
004069e0       glutInitContextFuncUcall_
00406a30       glutInitContextFunc_
00406a80       glutAppStatusFuncUcall_
00406ad0       glutAppStatusFunc_
00406b10       glutDisplayFuncUcall_
00406b80       glutDisplayFunc_
00406bc0       fghDefaultReshape_
00406bd0       glutReshapeFuncUcall_
00406c40       glutReshapeFunc_
00406ce0       glutVisibilityFuncUcall_
00406d60       glutVisibilityFunc_
00406da0       glutJoystickFuncUcall_
00406ea0       glutJoystickFunc_
00406ee0       glutSpaceballMotionFuncUcall_
00406f50       glutSpaceballMotionFunc_
00406f90       glutSpaceballRotateFuncUcall_
00407000       glutSpaceballRotateFunc_
00407040       glutSpaceballButtonFuncUcall_
004070b0       glutSpaceballButtonFunc_
Module: lib\freeglut_static.lib(C:\src\OpenGL\freeglut-3.4.0\src\fg_init.c)
00429f94       _fgState
004070f0+      fghParseCommandLineArguments_
00407310       fghCloseInputDevices_
00407330       fgDeinitialize_
00407330       glutExit_
00407510       glutInit_
00407630       glutInitWindowPosition_
00407660       glutInitWindowSize_
00407690       glutInitDisplayMode_
00407730       glutInitDisplayString_
00407830       glutInitContextVersion_
00407840       glutInitContextFlags_
00407850       glutInitContextProfile_
00407860       glutInitErrorFuncUcall_
00407880       glutInitErrorFunc_
004078a0       glutInitWarningFuncUcall_
004078c0       glutInitWarningFunc_
0042f100       _fgDisplay
Module: lib\freeglut_static.lib(C:\src\OpenGL\freeglut-3.4.0\src\fg_misc.c)
004078e0       glutExtensionSupported_
00407a00       glutReportErrors_
00407a40       glutIgnoreKeyRepeat_
00407aa0       glutSetKeyRepeat_
00407af0       glutSetColor_
00407b30       glutGetColor_
00407b60       glutCopyColormap_
Module: lib\freeglut_static.lib(C:\src\OpenGL\freeglut-3.4.0\src\fg_cursor.c)
00407b90       fgSetCursor_
00407ba0       glutSetCursor_
00407c00       glutWarpPointer_
Module: lib\freeglut_static.lib(C:\src\OpenGL\freeglut-3.4.0\src\fg_main.c)
00407c50       fghOnReshapeNotify_
00407cb0       fghOnPositionNotify_
00407d00+      fghRedrawWindow_
00407d40       fghRedrawWindowAndChildren_
00407e60       fgSystemTime_
00407e70       fgElapsedTime_
00407e80       fgError_
00407f30       fgWarning_
00408080+      fgProcessWork_
00408120       glutMainLoopEvent_
00408170       glutMainLoop_
00408230       glutLeaveMainLoop_
Module: C:\WATCOM\lib386\nt\clbrdll.lib(cstrtwnt)
00408254       _cstart_
00408254*      mainCRTStartup
Module: C:\WATCOM\lib386\nt\clbrdll.lib(fltuse80.c)
0042a0f4       _fltused_
Module: C:\WATCOM\lib386\emu387.lib(386stub.asm)
004082f0       __init_387_emulator
004082f1*      __fini_387_emulator
Module: C:\WATCOM\lib386\nt\clbrdll.lib(argcv.c)
0042f1b4       __argv
0042f1b8       __argc
0042f1bc       ___argc
0042f1c0       ___argv
Module: lib\freeglut_static.lib(C:\src\OpenGL\freeglut-3.4.0\src\fg_font_data.c)
0042a4fc       _fgFontFixed8x13
0042a918       _fgFontFixed9x15
0042ad34       _fgFontHelvetica10
0042b150       _fgFontHelvetica12
0042b56c       _fgFontHelvetica18
0042b988       _fgFontTimesRoman10
0042bda4       _fgFontTimesRoman24
Module: lib\freeglut_static.lib(C:\src\OpenGL\freeglut-3.4.0\src\fg_stroke_roman.c)
0042bfbc       _fgStrokeRoman
Module: lib\freeglut_static.lib(C:\src\OpenGL\freeglut-3.4.0\src\fg_stroke_mono_roman.c)
0042c1cc       _fgStrokeMonoRoman
Module: lib\freeglut_static.lib(C:\src\OpenGL\freeglut-3.4.0\src\mswin\fg_window_mswin.c)
004083f0       fgNewWGLCreateContext_
00408640       fgSetupPixelFormat_
004088d0       fgPlatformSetWindow_
00408920+      fghGetDefaultWindowStyle_
00408940       fghGetStyleFromWindow_
00408990       fghComputeWindowRectFromClientArea_UseStyle_
00408a00       fghComputeWindowRectFromClientArea_QueryWindow_
00408a40       fghGetClientArea_
00408b50       fgPlatformOpenWindow_
00408f40       fgPlatformCloseWindow_
00408fc0       fgPlatformHideWindow_
00408fe0       fgPlatformGlutSetWindowTitle_
00409040       fgPlatformGlutSetIconTitle_
004090a0*      __glutCreateWindowWithExit_
Module: lib\freeglut_static.lib(C:\src\OpenGL\freeglut-3.4.0\src\fg_structure.c)
004090e0       fgCreateWindow_
004091d0       fgCreateMenu_
00409280       fgAddToWindowDestroyList_
004092f0       fgCloseWindows_
00409320       fgDestroyWindow_
00409460       fgDestroyMenu_
00409550       fgCreateStructure_
00409590       fgDestroyStructure_
004095c0       fgEnumWindows_
00409610       fgEnumMenus_
00409660       fgEnumSubWindows_
004096f0       fgWindowByHandle_
00409750       fgWindowByID_
004097b0       fgMenuByID_
00409810       fgGetActiveMenu_
00409840       fgListInit_
00409850       fgListAppend_
00409870       fgListRemove_
004098b0       fgListLength_
004098d0       fgListInsert_
0042c1e0       _fgStructure
Module: lib\freeglut_static.lib(C:\src\OpenGL\freeglut-3.4.0\src\fg_gl2.c)
00409900       glutSetVertexAttribCoord3_
00409910       glutSetVertexAttribNormal_
00409920       glutSetVertexAttribTexCoord2_
00409930       fgInitGL2_
0042f1c4       _fghBufferData
0042f1c8       _fghDeleteBuffers
0042f1cc       _fghGenBuffers
0042f1d0       _fghVertexAttribPointer
0042f1d4       _fghBindBuffer
0042f1d8       _fghEnableVertexAttribArray
0042f1dc       _fghDisableVertexAttribArray
Module: lib\freeglut_static.lib(C:\src\OpenGL\freeglut-3.4.0\src\fg_gamemode.c)
004099d0       glutGameModeString_
00409b30       glutEnterGameMode_
00409bd0       glutLeaveGameMode_
00409c30       glutGameModeGet_
Module: lib\freeglut_static.lib(C:\src\OpenGL\freeglut-3.4.0\src\mswin\fg_state_mswin.c)
00409cc0       fgPlatformGlutGet_
0040a240       fgPlatformGlutDeviceGet_
0040a290       fgPlatformGlutGetModeValues_
Module: lib\freeglut_static.lib(C:\src\OpenGL\freeglut-3.4.0\src\fg_joystick.c)
0040a2a0+      fgJoystickRawRead_
0040a590       fgInitialiseJoysticks_
0040a5c0       fgJoystickClose_
0040a600       fgJoystickPollWindow_
0040a6d0       fgJoystickDetect_
0040a710       glutForceJoystickFunc_
0040a750       glutJoystickGetNumAxes_
0040a780       glutJoystickGetNumButtons_
0040a7b0       glutJoystickNotWorking_
0040a7e0       glutJoystickGetDeadBand_
0040a810       glutJoystickSetDeadBand_
0040a850       glutJoystickGetSaturation_
0040a880       glutJoystickSetSaturation_
0040a8c0       glutJoystickSetMinRange_
0040a900       glutJoystickSetMaxRange_
0040a940       glutJoystickSetCenter_
0040a980       glutJoystickGetMinRange_
0040a9d0       glutJoystickGetMaxRange_
0040aa20       glutJoystickGetCenter_
0042f1e4+      _fgJoystick
Module: lib\freeglut_static.lib(C:\src\OpenGL\freeglut-3.4.0\src\fg_input_devices.c)
0040aa70       fgInputDeviceDetect_
0040aaa0       fgInitialiseInputDevices_
0040ab00       fgInputDeviceClose_
Module: lib\freeglut_static.lib(C:\src\OpenGL\freeglut-3.4.0\src\fg_spaceball.c)
0040ace0       fgInitialiseSpaceball_
0040acf0*      fgSpaceballClose_
0040ad00       fgHasSpaceball_
0040ad30       fgSpaceballNumButtons_
0040ad60*      fgSpaceballSetWindow_
0042c21c       _fg_sball_initialized
Module: lib\freeglut_static.lib(C:\src\OpenGL\freeglut-3.4.0\src\mswin\fg_display_mswin.c)
0040ad90       fgPlatformGlutSwapBuffers_
Module: lib\freeglut_static.lib(C:\src\OpenGL\freeglut-3.4.0\src\mswin\fg_menu_mswin.c)
0040ada0       fgPlatformGetGameModeVMaxExtent_
0040ade0       fgPlatformCheckMenuDeactivate_
0040ae30*      __glutCreateMenuWithExit_
0040ae40*      __glutCreateMenuUcallWithExit_
Module: lib\freeglut_static.lib(C:\src\OpenGL\freeglut-3.4.0\src\mswin\fg_cursor_mswin.c)
0040ae60       fgPlatformSetCursor_
0040b370       fgPlatformWarpPointer_
0040b3b0       fghPlatformGetCursorPos_
Module: lib\freeglut_static.lib(C:\src\OpenGL\freeglut-3.4.0\src\mswin\fg_init_mswin.c)
0040b400       fgPlatformInitialize_
0040b5d0       fgPlatformDeinitialiseInputDevices_
0040b5f0       fgPlatformCloseDisplay_
0040b620       fgPlatformDestroyContext_
0040b630*      __glutInitWithExit_
0042c220       ___glutExitFunc
Module: lib\freeglut_static.lib(C:\src\OpenGL\freeglut-3.4.0\src\util\xparsegeometry_repl.c)
0040b690       XParseGeometry_
Module: lib\freeglut_static.lib(C:\src\OpenGL\freeglut-3.4.0\src\mswin\fg_cmap_mswin.c)
0040b840       fgPlatformSetColor_
0040b900       fgPlatformGetColor_
0040b9b0       fgPlatformCopyColormap_
Module: lib\freeglut_static.lib(C:\src\OpenGL\freeglut-3.4.0\src\mswin\fg_main_mswin.c)
0040b9c0       fgPlatformInitSystemTime_
0040b9d0       fgPlatformSystemTime_
0040ba00       fgPlatformSleepForEvents_
0040ba20       fgPlatformProcessSingleEvent_
0040bb60       fgPlatformMainLoopPreliminaryWork_
0040c250+      fghWindowUnderCursor_
0040c2f0       _fgPlatformWindowProc@16
0040d130       fgPlatformInitWork_
0040d1a0       fgPlatformPosResZordWork_
0040d430       fgPlatformVisibilityWork_
Module: C:\WATCOM\lib386\nt\clbrdll.lib(main3wnt.c)
0040d490       __NTMain
Module: C:\WATCOM\lib386\nt\clbrdll.lib(segdefns)
00401003       ___begtext
00416000*      __nullarea
0042e2d2       __Start_XI
0042e2ea       __End_XI
0042e2ea       __Start_YI
0042e2f6       __End_YI
Module: C:\WATCOM\lib386\nt\clbrdll.lib(dsetefg.c)
0040d4d0       __setEFGfmt_
Module: C:\WATCOM\lib386\nt\clbrdll.lib(dinitarg.c)
0040d690       __Init_Argv_
0040d6f0       __Fini_Argv_
Module: lib\freeglut_static.lib(C:\src\OpenGL\freeglut-3.4.0\src\mswin\fg_structure_mswin.c)
0040d710       fgPlatformCreateWindow_
Module: lib\freeglut_static.lib(C:\src\OpenGL\freeglut-3.4.0\src\fg_ext.c)
0040ec50       glutGetProcAddress_
Module: lib\freeglut_static.lib(C:\src\OpenGL\freeglut-3.4.0\src\mswin\fg_gamemode_mswin.c)
0040ecb0+      fghChangeDisplayMode_
0040ee30       fgPlatformRememberState_
0040ee50       fgPlatformRestoreState_
0040ee60       fgPlatformChangeDisplayMode_
0040eef0       fgPlatformLeaveGameMode_
0040eef0       fgPlatformEnterGameMode_
Module: lib\freeglut_static.lib(C:\src\OpenGL\freeglut-3.4.0\src\mswin\fg_joystick_mswin.c)
0040ef20       fgPlatformJoystickRawRead_
0040f2b0       fgPlatformJoystickOpen_
0040f4c0       fgPlatformJoystickInit_
0040f520       fgPlatformJoystickClose_
Module: lib\freeglut_static.lib(C:\src\OpenGL\freeglut-3.4.0\src\mswin\fg_input_devices_mswin.c)
0040f550       fgPlatformRegisterDialDevice_
0040f5c0       fg_serial_open_
0040f690       fg_serial_close_
0040f6d0       fg_serial_getchar_
0040f710       fg_serial_putchar_
0040f740       fg_serial_flush_
Module: lib\freeglut_static.lib(C:\src\OpenGL\freeglut-3.4.0\src\mswin\fg_spaceball_mswin.c)
0040f750       fgPlatformInitializeSpaceball_
0040f7a0       fgPlatformSpaceballClose_
0040f7b0       fgPlatformHasSpaceball_
0040f7c0*      fgIsSpaceballWinEvent_
0040f7c0       fgPlatformSpaceballNumButtons_
0040f7d0       fgPlatformSpaceballSetWindow_
0040f7e0       fgSpaceballHandleWinEvent_
0042c240+      ___fgSpaceKeystate
0042c244+      ___fgSpaceball
Module: C:\WATCOM\lib386\nt\clbrdll.lib(initrtns.c)
0040f9f0       __InitRtns
0040fa40       __FiniRtns
Module: C:\WATCOM\lib386\nt\clbrdll.lib(dcinit.c)
0040faa0       __CommonInit_
Module: C:\WATCOM\lib386\nt\clbrdll.lib(dosseg)
00001234       __DOSseg__
Module: C:\WATCOM\lib386\nt\clbrdll.lib(histsplt.c)
0042f2f8       ___historical_splitparms
Module: lib\freeglut_static.lib(C:\src\OpenGL\freeglut-3.4.0\src\fg_overlay.c)
0040fab0       glutHideOverlay_
0040fab0       glutShowOverlay_
0040fab0       glutPostWindowOverlayRedisplay_
0040fab0       glutPostOverlayRedisplay_
0040fab0       glutUseLayer_
0040fab0       glutRemoveOverlay_
0040fab0       glutEstablishOverlay_
Module: lib\freeglut_static.lib(C:\src\OpenGL\freeglut-3.4.0\src\fg_geometry.c)
0040fac0       fghDrawGeometryWire_
0040fb50       fghDrawGeometrySolid_
00410e00+      fghGenerateCone_
004110a0+      fghGenerateCylinder_
00411360+      fghGenerateTorus_
004120c0       glutSolidSphere_
00412100       glutWireSphere_
00412140       glutSolidCone_
00412190       glutWireCone_
004121e0       glutSolidCylinder_
00412230       glutWireCylinder_
00412280       glutWireTorus_
004122d0       glutSolidTorus_
00412320       glutWireCube_
00412350       glutSolidCube_
00412380       glutWireDodecahedron_
004123b0       glutSolidDodecahedron_
00412420       glutWireIcosahedron_
00412450       glutSolidIcosahedron_
004124c0       glutWireOctahedron_
004124f0       glutSolidOctahedron_
00412560       glutWireRhombicDodecahedron_
00412590       glutSolidRhombicDodecahedron_
00412600       glutWireSierpinskiSponge_
00412640       glutSolidSierpinskiSponge_
00412680       glutWireTetrahedron_
004126b0       glutSolidTetrahedron_
Module: lib\freeglut_static.lib(C:\src\OpenGL\freeglut-3.4.0\src\fg_teapot.c)
004133b0       glutWireTeapot_
00413420       glutSolidTeapot_
00413490       glutWireTeacup_
00413500       glutSolidTeacup_
00413580       glutWireTeaspoon_
004135f0       glutSolidTeaspoon_
Module: lib\freeglut_static.lib(C:\src\OpenGL\freeglut-3.4.0\src\fg_videoresize.c)
00413670       glutVideoResizeGet_
00413680       glutVideoPan_
00413680       glutVideoResize_
00413680       glutStopVideoResizing_
00413680       glutSetupVideoResizing_
Module: lib\freeglut_static.lib(C:\src\OpenGL\freeglut-3.4.0\src\mswin\fg_ext_mswin.c)
00413690       fgPlatformGetGLUTProcAddress_
00413750       fgPlatformGetProcAddress_


                        +----------------------+
                        |   Imported Symbols   |
                        +----------------------+

Symbol                              Module
======                              ======

__8087                              clbr20.dll
_vsnprintf_                         clbr20.dll
__CHP                               mt7r20.dll
strcat_                             clbr20.dll
_glClear@4                          OPENGL32.DLL
_glDisable@4                        OPENGL32.DLL
_glMatrixMode@4                     OPENGL32.DLL
_glPushMatrix@0                     OPENGL32.DLL
_glLoadIdentity@0                   OPENGL32.DLL
_glOrtho@48                         OPENGL32.DLL
_glColor3ub@12                      OPENGL32.DLL
_glRasterPos2i@8                    OPENGL32.DLL
_glPopMatrix@0                      OPENGL32.DLL
_glEnable@4                         OPENGL32.DLL
printf_                             clbr20.dll
vprintf_                            clbr20.dll
___iob_br                           clbr20.dll
fgets_                              clbr20.dll
exit_                               clbr20.dll
_glViewport@16                      OPENGL32.DLL
_glClearColor@16                    OPENGL32.DLL
_SetLD80bit_                        clbr20.dll
_glPushClientAttrib@4               OPENGL32.DLL
_glPixelStorei@8                    OPENGL32.DLL
_glBitmap@28                        OPENGL32.DLL
_glPopClientAttrib@0                OPENGL32.DLL
_glBegin@4                          OPENGL32.DLL
_glVertex2f@8                       OPENGL32.DLL
_glEnd@0                            OPENGL32.DLL
_glTranslatef@12                    OPENGL32.DLL
_glDrawBuffer@4                     OPENGL32.DLL
_glReadBuffer@4                     OPENGL32.DLL
_glFlush@0                          OPENGL32.DLL
fprintf_                            clbr20.dll
_glColor4f@16                       OPENGL32.DLL
_glVertex2i@8                       OPENGL32.DLL
_glColor4fv@4                       OPENGL32.DLL
_glPushAttrib@4                     OPENGL32.DLL
_glPopAttrib@0                      OPENGL32.DLL
calloc_                             clbr20.dll
_strdup_                            clbr20.dll
free_                               clbr20.dll
malloc_                             clbr20.dll
getenv_                             clbr20.dll
sscanf_                             clbr20.dll
strcmp_                             clbr20.dll
strlen_                             clbr20.dll
memcpy_                             clbr20.dll
strtok_                             clbr20.dll
strcspn_                            clbr20.dll
strncmp_                            clbr20.dll
strchr_                             clbr20.dll
_glGetString@4                      OPENGL32.DLL
strstr_                             clbr20.dll
_glGetError@0                       OPENGL32.DLL
vfprintf_                           clbr20.dll
_wglGetProcAddress@4                OPENGL32.DLL
_wglMakeCurrent@8                   OPENGL32.DLL
_wglDeleteContext@4                 OPENGL32.DLL
memset_                             clbr20.dll
_CreateDCA@16                       GDI32.DLL
_ChoosePixelFormat@8                GDI32.DLL
_wglGetCurrentContext@0             OPENGL32.DLL
_wglGetCurrentDC@0                  OPENGL32.DLL
_DefWindowProcA@16                  USER32.DLL
_RegisterClassA@4                   USER32.DLL
_CreateWindowExA@48                 USER32.DLL
_GetDC@4                            USER32.DLL
_SetPixelFormat@12                  GDI32.DLL
_wglCreateContext@4                 OPENGL32.DLL
_ReleaseDC@8                        USER32.DLL
_DestroyWindow@4                    USER32.DLL
_UnregisterClassA@8                 USER32.DLL
_DescribePixelFormat@16             GDI32.DLL
_DeleteDC@4                         GDI32.DLL
_GetWindowLongA@8                   USER32.DLL
_CopyRect@8                         USER32.DLL
_AdjustWindowRectEx@16              USER32.DLL
_GetClientRect@8                    USER32.DLL
_GetWindowRect@8                    USER32.DLL
_ClientToScreen@8                   USER32.DLL
_OffsetRect@12                      USER32.DLL
_GetMonitorInfoA@8                  USER32.DLL
_EnumDisplayMonitors@16             USER32.DLL
_GetClassInfoA@12                   USER32.DLL
_SetWindowLongA@12                  USER32.DLL
_SetWindowPos@28                    USER32.DLL
_GetSystemPaletteEntries@16         GDI32.DLL
_CreatePalette@4                    GDI32.DLL
_SelectPalette@12                   GDI32.DLL
_GetDeviceCaps@8                    GDI32.DLL
_RealizePalette@4                   GDI32.DLL
_GetModuleHandleA@4                 KERNEL32.DLL
_GetProcAddress@8                   KERNEL32.DLL
_ShowWindow@8                       USER32.DLL
_ShowCursor@4                       USER32.DLL
_IsIconic@4                         USER32.DLL
_SetWindowTextA@8                   USER32.DLL
_glGetIntegerv@8                    OPENGL32.DLL
_ScreenToClient@8                   USER32.DLL
_glGetBooleanv@8                    OPENGL32.DLL
_GetPixelFormat@4                   GDI32.DLL
_SetRect@20                         USER32.DLL
_GetSystemMetrics@4                 USER32.DLL
IF@DSIN                             mt7r20.dll
IF@DCOS                             mt7r20.dll
_SwapBuffers@4                      GDI32.DLL
_LoadCursorA@8                      USER32.DLL
_SetCursor@4                        USER32.DLL
_SetClassLongA@12                   USER32.DLL
_SetCursorPos@8                     USER32.DLL
_GetCursorPos@4                     USER32.DLL
_LoadIconA@8                        USER32.DLL
_GetDesktopWindow@0                 USER32.DLL
_timeBeginPeriod@4                  WINMM.DLL
_timeEndPeriod@4                    WINMM.DLL
_SetPaletteEntries@16               GDI32.DLL
_UnrealizeObject@4                  GDI32.DLL
_GetPaletteEntries@16               GDI32.DLL
_timeGetTime@0                      WINMM.DLL
_MsgWaitForMultipleObjects@20       USER32.DLL
_PeekMessageA@20                    USER32.DLL
_GetMessageA@16                     USER32.DLL
_TranslateMessage@4                 USER32.DLL
_DispatchMessageA@4                 USER32.DLL
_GetKeyState@4                      USER32.DLL
_GetKeyboardState@4                 USER32.DLL
_ToAscii@20                         USER32.DLL
_GetMessagePos@0                    USER32.DLL
_ChildWindowFromPoint@12            USER32.DLL
_SetActiveWindow@4                  USER32.DLL
_UpdateWindow@4                     USER32.DLL
_TrackMouseEvent@4                  USER32.DLL
_GetUpdateRect@12                   USER32.DLL
_BeginPaint@8                       USER32.DLL
_EndPaint@8                         USER32.DLL
_PostQuitMessage@4                  USER32.DLL
_SetCapture@4                       USER32.DLL
_ReleaseCapture@0                   USER32.DLL
abs_                                clbr20.dll
_InvalidateRect@12                  USER32.DLL
_IsZoomed@4                         USER32.DLL
_SendMessageA@16                    USER32.DLL
_MonitorFromWindow@8                USER32.DLL
__NewExceptionFilter_               clbr20.dll
___process_fini                     clbr20.dll
____Argv                            clbr20.dll
____Argc                            clbr20.dll
__get_EFG_Format_                   mt7r20.dll
___EFG_printf                       clbr20.dll
__get_EFG_cnvs2d_                   mt7r20.dll
___EFG_scanf                        clbr20.dll
__LpCmdLine                         clbr20.dll
__LpPgmName                         clbr20.dll
IF@DSQRT                            mt7r20.dll
_EnumDisplaySettingsA@12            USER32.DLL
_ChangeDisplaySettingsExA@20        USER32.DLL
sprintf_                            clbr20.dll
_joyGetPosEx@8                      WINMM.DLL
_snprintf_                          clbr20.dll
_RegOpenKeyExA@20                   ADVAPI32.DLL
_RegQueryValueExA@24                ADVAPI32.DLL
_RegCloseKey@4                      ADVAPI32.DLL
_joyGetDevCapsA@12                  WINMM.DLL
strncpy_                            clbr20.dll
_RegOpenKeyA@12                     ADVAPI32.DLL
_CreateFileA@28                     KERNEL32.DLL
_GetCommState@8                     KERNEL32.DLL
_GetCommTimeouts@8                  KERNEL32.DLL
_BuildCommDCBA@8                    KERNEL32.DLL
_SetCommState@8                     KERNEL32.DLL
_SetCommTimeouts@8                  KERNEL32.DLL
_CloseHandle@4                      KERNEL32.DLL
_ReadFile@20                        KERNEL32.DLL
_WriteFile@20                       KERNEL32.DLL
_FlushFileBuffers@4                 KERNEL32.DLL
_RegisterRawInputDevices@12         USER32.DLL
_GetRawInputData@20                 USER32.DLL
_GetRawInputDeviceInfoA@16          USER32.DLL
_glEnableClientState@4              OPENGL32.DLL
_glVertexPointer@16                 OPENGL32.DLL
_glNormalPointer@12                 OPENGL32.DLL
_glDrawArrays@12                    OPENGL32.DLL
_glDrawElements@16                  OPENGL32.DLL
_glDisableClientState@4             OPENGL32.DLL
_glTexCoordPointer@16               OPENGL32.DLL
_glGetFloatv@8                      OPENGL32.DLL


                        +--------------------+
                        |   Libraries Used   |
                        +--------------------+

C:\WATCOM\lib386\nt\kernel32.lib
C:\WATCOM\lib386\nt\user32.lib
C:\WATCOM\lib386\nt\gdi32.lib
C:\WATCOM\lib386\nt\advapi32.lib
C:\WATCOM\lib386\nt\opengl32.lib
C:\WATCOM\lib386\nt\winmm.lib
lib\freeglut_static.lib
C:\WATCOM\lib386\emu387.lib
C:\WATCOM\lib386\nt\mt7rdll.lib
C:\WATCOM\lib386\nt\clbrdll.lib


                        +-----------------------+
                        |   Linker Statistics   |
                        +-----------------------+

Stack size:  00100000 (1048576.)
Memory size:  00090de5 (593381.)
Entry point address: 00408254
Link time: 00:00.72
