Open Watcom Linker Version 2.0 beta Nov  8 2023 01:50:13 (32-bit)
Copyright (c) 2002-2023 The Open Watcom Contributors. All Rights Reserved.
Portions Copyright (c) 1985-2002 Sybase, Inc. All Rights Reserved.
Created on:       24/04/02 15:24:33
Executable Image: bin\Lorenzd.exe
creating a Windows NT character-mode executable


                        +------------+
                        |   Groups   |
                        +------------+

Group                           Address              Size
=====                           =======              ====

.idata                          00403000             000005f6
DGROUP                          00404000             0000711c



                        +--------------+
                        |   Segments   |
                        +--------------+

Segment                Class          Group          Address         Size
=======                =====          =====          =======         ====

BEGTEXT                CODE           AUTO           00401000        00000007
_TEXT                  CODE           AUTO           00401010        00001071
TRANSFER CODE          CODE           AUTO           00402084        0000015c
.idata                 .idata         .idata         00403000        000005f6
_NULL                  BEGDATA        DGROUP         00404000        00000004
_AFTERNULL             BEGDATA        DGROUP         00404004        00000000
CONST                  DATA           DGROUP         00404004        00000121
CONST2                 DATA           DGROUP         00404128        00000000
_DATA                  DATA           DGROUP         00404128        00000078
XIB                    DATA           DGROUP         004041a0        00000000
XI                     DATA           DGROUP         004041a0        00000018
XIE                    DATA           DGROUP         004041b8        00000000
YIB                    DATA           DGROUP         004041b8        00000000
YI                     DATA           DGROUP         004041b8        0000000c
YIE                    DATA           DGROUP         004041c4        00000000
TIB                    DATA           DGROUP         004041c4        00000000
TI                     DATA           DGROUP         004041c4        00000000
TIE                    DATA           DGROUP         004041c4        00000000
DATA                   DATA           DGROUP         004041c4        00000000
_BSS                   BSS            DGROUP         00405000        0000611c


                        +----------------+
                        |   Memory Map   |
                        +----------------+

* = unreferenced symbol
+ = symbol only referenced locally

Address        Symbol
=======        ======

Module: CMakeFiles\Lorenz.dir\progs\demos\Lorenz\lorenz.c.obj(C:\src\OpenGL\freeglut-3.4.0\progs\demos\Lorenz\lorenz.c)
00401010+      calc_deriv_
0040108d+      advance_in_time_
0040128e+      key_cb_
004015c4+      special_cb_
004016e1+      mouse_cb_
00401717+      draw_curve_
00401792+      bitmapPrintf_
004017e4+      display_cb_
0040193b+      reshape_cb_
00401a41+      timer_cb_
00401ba0       main_
00404128+      _s0
00404130+      _r0
00404138+      _b0
00404140+      _time_step
00404148+      _sigma
00404150+      _r
00404158+      _b
00404160+      _distance
00404168+      _yaw
00404170+      _pit
00404178+      _scale
00404180+      _xcen
00404188+      _ycen
00404190+      _zcen
00404198+      _animate
00405000+      _grn_position
00408000+      _red_position
0040b000+      _array_index
Module: C:\WATCOM\lib386\nt\clbrdll.lib(cstrtwnt)
00401c98       _cstart_
00401c98*      mainCRTStartup
Module: C:\WATCOM\lib386\nt\clbrdll.lib(fltuse80.c)
0040419c       _fltused_
Module: C:\WATCOM\lib386\emu387.lib(386stub.asm)
00401d30       __init_387_emulator
00401d31*      __fini_387_emulator
Module: C:\WATCOM\lib386\nt\clbrdll.lib(argcv.c)
0040b104       __argv
0040b108       __argc
0040b10c       ___argc
0040b110       ___argv
Module: C:\WATCOM\lib386\nt\clbrdll.lib(main3wnt.c)
00401d40       __NTMain
Module: C:\WATCOM\lib386\nt\clbrdll.lib(segdefns)
00401003       ___begtext
00404000*      __nullarea
004041a0       __Start_XI
004041b8       __End_XI
004041b8       __Start_YI
004041c4       __End_YI
Module: C:\WATCOM\lib386\nt\clbrdll.lib(dsetefg.c)
00401d80       __setEFGfmt_
Module: C:\WATCOM\lib386\nt\clbrdll.lib(dinitarg.c)
00401f40       __Init_Argv_
00401fa0       __Fini_Argv_
Module: C:\WATCOM\lib386\nt\clbrdll.lib(initrtns.c)
00401fd0       __InitRtns
00402020       __FiniRtns
Module: C:\WATCOM\lib386\nt\clbrdll.lib(dcinit.c)
00402080       __CommonInit_
Module: C:\WATCOM\lib386\nt\clbrdll.lib(dosseg)
00001234       __DOSseg__
Module: C:\WATCOM\lib386\nt\clbrdll.lib(histsplt.c)
0040b118       ___historical_splitparms


                        +----------------------+
                        |   Imported Symbols   |
                        +----------------------+

Symbol                              Module
======                              ======

__CHK                               clbr20.dll
sqrt_                               mt7r20.dll
__8087                              clbr20.dll
memcpy_                             clbr20.dll
fgets_                              clbr20.dll
___iob_br                           clbr20.dll
fprintf_                            clbr20.dll
exit_                               clbr20.dll
rand_                               clbr20.dll
printf_                             clbr20.dll
sscanf_                             clbr20.dll
_glutLeaveMainLoop@0                freeglutd.dll
_glRotated@32                       OPENGL32.DLL
_glScaled@24                        OPENGL32.DLL
_glutPostRedisplay@0                freeglutd.dll
_glBegin@4                          OPENGL32.DLL
_glVertex3dv@4                      OPENGL32.DLL
_glEnd@0                            OPENGL32.DLL
_vsnprintf_                         clbr20.dll
_glutBitmapString@8                 freeglutd.dll
_glClear@4                          OPENGL32.DLL
_glColor3d@24                       OPENGL32.DLL
_glVertex3d@24                      OPENGL32.DLL
_glRasterPos2i@8                    OPENGL32.DLL
_glutSwapBuffers@0                  freeglutd.dll
_glViewport@16                      OPENGL32.DLL
_glMatrixMode@4                     OPENGL32.DLL
_glLoadIdentity@0                   OPENGL32.DLL
_glFrustum@48                       OPENGL32.DLL
_glTranslated@24                    OPENGL32.DLL
_glutTimerFunc@12                   freeglutd.dll
srand_                              clbr20.dll
_glEnable@4                         OPENGL32.DLL
_glClearColor@16                    OPENGL32.DLL
_glClearDepth@8                     OPENGL32.DLL
_glutInitWindowSize@8               freeglutd.dll
_glutInit@8                         freeglutd.dll
_glutInitDisplayMode@4              freeglutd.dll
_glutCreateWindow@4                 freeglutd.dll
_glutKeyboardFunc@4                 freeglutd.dll
_glutMouseFunc@4                    freeglutd.dll
_glutSpecialFunc@4                  freeglutd.dll
_glutDisplayFunc@4                  freeglutd.dll
_glutReshapeFunc@4                  freeglutd.dll
_glutMainLoop@0                     freeglutd.dll
_SetLD80bit_                        clbr20.dll
__NewExceptionFilter_               clbr20.dll
___process_fini                     clbr20.dll
____Argv                            clbr20.dll
____Argc                            clbr20.dll
__get_EFG_Format_                   mt7r20.dll
___EFG_printf                       clbr20.dll
__get_EFG_cnvs2d_                   mt7r20.dll
___EFG_scanf                        clbr20.dll
malloc_                             clbr20.dll
__LpCmdLine                         clbr20.dll
__LpPgmName                         clbr20.dll
free_                               clbr20.dll


                        +--------------------+
                        |   Libraries Used   |
                        +--------------------+

C:\WATCOM\lib386\nt\opengl32.lib
lib\freeglutd.lib
C:\WATCOM\lib386\emu387.lib
C:\WATCOM\lib386\nt\mt7rdll.lib
C:\WATCOM\lib386\nt\clbrdll.lib


                        +-----------------------+
                        |   Linker Statistics   |
                        +-----------------------+

Stack size:  00100000 (1048576.)
Memory size:  88f2 (35058.)
Entry point address: 00401c98
Link time: 00:00.62
