Open Watcom Linker Version 2.0 beta Nov  8 2023 01:50:13 (32-bit)
Copyright (c) 2002-2023 The Open Watcom Contributors. All Rights Reserved.
Portions Copyright (c) 1985-2002 Sybase, Inc. All Rights Reserved.
Created on:       24/04/02 15:49:50
Executable Image: bin\resizer.exe
creating a Windows NT character-mode executable


                        +------------+
                        |   Groups   |
                        +------------+

Group                           Address              Size
=====                           =======              ====

.idata                          00403000             0000073c
DGROUP                          00404000             0000101c



                        +--------------+
                        |   Segments   |
                        +--------------+

Segment                Class          Group          Address         Size
=======                =====          =====          =======         ====

BEGTEXT                CODE           AUTO           00401000        00000007
_TEXT                  CODE           AUTO           00401010        00000f51
TRANSFER CODE          CODE           AUTO           00401f64        00000174
.idata                 .idata         .idata         00403000        0000073c
_NULL                  BEGDATA        DGROUP         00404000        00000004
_AFTERNULL             BEGDATA        DGROUP         00404004        00000000
CONST                  DATA           DGROUP         00404004        00000310
CONST2                 DATA           DGROUP         00404314        00000000
_DATA                  DATA           DGROUP         00404314        00000010
XIB                    DATA           DGROUP         00404324        00000000
XI                     DATA           DGROUP         00404324        00000018
XIE                    DATA           DGROUP         0040433c        00000000
YIB                    DATA           DGROUP         0040433c        00000000
YI                     DATA           DGROUP         0040433c        0000000c
YIE                    DATA           DGROUP         00404348        00000000
TIB                    DATA           DGROUP         00404348        00000000
TI                     DATA           DGROUP         00404348        00000000
TIE                    DATA           DGROUP         00404348        00000000
DATA                   DATA           DGROUP         00404348        00000000
_BSS                   BSS            DGROUP         00405000        0000001c


                        +----------------+
                        |   Memory Map   |
                        +----------------+

* = unreferenced symbol
+ = symbol only referenced locally

Address        Symbol
=======        ======

Module: CMakeFiles\resizer.dir\progs\demos\resizer\resizer.c.obj(C:\src\OpenGL\freeglut-3.4.0\progs\demos\resizer\resizer.c)
00401010+      DrawQuad_
004010f0+      UnhideTimer_
00401110+      ChangeTitleTimer_
00401130+      SampleKeyboard_
00401710*      Idle_
00401720+      Reshape_
00401870+      Position_
004018b0+      WindowStatus_
004018d0+      Redisplay_
004019c0+      Timer_
00401a70       main_
00404314+      _nChildWindow
00404318*      _nLoopMain
0040431c+      _bChildPosDone
0040431d+      _bChildSizeDone
00405000+      _nWindow
Module: C:\WATCOM\lib386\nt\clbrdll.lib(cstrtwnt)
00401b76       _cstart_
00401b76*      mainCRTStartup
Module: C:\WATCOM\lib386\nt\clbrdll.lib(fltuse80.c)
00404320       _fltused_
Module: C:\WATCOM\lib386\emu387.lib(386stub.asm)
00401c10       __init_387_emulator
00401c11*      __fini_387_emulator
Module: C:\WATCOM\lib386\nt\clbrdll.lib(argcv.c)
00405004       __argv
00405008       __argc
0040500c       ___argc
00405010       ___argv
Module: C:\WATCOM\lib386\nt\clbrdll.lib(main3wnt.c)
00401c20       __NTMain
Module: C:\WATCOM\lib386\nt\clbrdll.lib(segdefns)
00401003       ___begtext
00404000*      __nullarea
00404324       __Start_XI
0040433c       __End_XI
0040433c       __Start_YI
00404348       __End_YI
Module: C:\WATCOM\lib386\nt\clbrdll.lib(dsetefg.c)
00401c60       __setEFGfmt_
Module: C:\WATCOM\lib386\nt\clbrdll.lib(dinitarg.c)
00401e20       __Init_Argv_
00401e80       __Fini_Argv_
Module: C:\WATCOM\lib386\nt\clbrdll.lib(initrtns.c)
00401eb0       __InitRtns
00401f00       __FiniRtns
Module: C:\WATCOM\lib386\nt\clbrdll.lib(dcinit.c)
00401f60       __CommonInit_
Module: C:\WATCOM\lib386\nt\clbrdll.lib(dosseg)
00001234       __DOSseg__
Module: C:\WATCOM\lib386\nt\clbrdll.lib(histsplt.c)
00405018       ___historical_splitparms


                        +----------------------+
                        |   Imported Symbols   |
                        +----------------------+

Symbol                              Module
======                              ======

__CHP                               mt7r20.dll
_gluOrtho2D@32                      GLU32.DLL
__8087                              clbr20.dll
_glutGet@4                          freeglut.dll
_glBegin@4                          OPENGL32.DLL
_glVertex2d@16                      OPENGL32.DLL
_glEnd@0                            OPENGL32.DLL
_glutSetWindow@4                    freeglut.dll
_glutShowWindow@0                   freeglut.dll
_glutSetIconTitle@4                 freeglut.dll
_glutSetWindowTitle@4               freeglut.dll
_glutLeaveMainLoop@0                freeglut.dll
printf_                             clbr20.dll
_glutFullScreenToggle@0             freeglut.dll
_glutReshapeWindow@8                freeglut.dll
_glutPositionWindow@8               freeglut.dll
_glutCreateSubWindow@20             freeglut.dll
_glutKeyboardFunc@4                 freeglut.dll
_glutDisplayFunc@4                  freeglut.dll
_glutReshapeFunc@4                  freeglut.dll
_glutPositionFunc@4                 freeglut.dll
_glutWindowStatusFunc@4             freeglut.dll
_glutDestroyWindow@4                freeglut.dll
_glutIconifyWindow@0                freeglut.dll
_glutTimerFunc@12                   freeglut.dll
_glutHideWindow@0                   freeglut.dll
_glutSetCursor@4                    freeglut.dll
_glutPostRedisplay@0                freeglut.dll
_glutGetWindow@0                    freeglut.dll
_glViewport@16                      OPENGL32.DLL
_glMatrixMode@4                     OPENGL32.DLL
_glLoadIdentity@0                   OPENGL32.DLL
_glClearColor@16                    OPENGL32.DLL
_glColor3f@12                       OPENGL32.DLL
_glutPostWindowRedisplay@4          freeglut.dll
_glClear@4                          OPENGL32.DLL
_glGetIntegerv@8                    OPENGL32.DLL
_glutBitmapHeight@4                 freeglut.dll
_glRasterPos2i@8                    OPENGL32.DLL
_glutBitmapString@8                 freeglut.dll
_glutSwapBuffers@0                  freeglut.dll
_glutInit@8                         freeglut.dll
_glutInitDisplayMode@4              freeglut.dll
_glutSetOption@8                    freeglut.dll
_glutInitWindowPosition@8           freeglut.dll
_glutInitWindowSize@8               freeglut.dll
_glutCreateWindow@4                 freeglut.dll
_glutMainLoop@0                     freeglut.dll
_SetLD80bit_                        clbr20.dll
__NewExceptionFilter_               clbr20.dll
___process_fini                     clbr20.dll
____Argv                            clbr20.dll
____Argc                            clbr20.dll
exit_                               clbr20.dll
__get_EFG_Format_                   mt7r20.dll
___EFG_printf                       clbr20.dll
__get_EFG_cnvs2d_                   mt7r20.dll
___EFG_scanf                        clbr20.dll
malloc_                             clbr20.dll
__LpCmdLine                         clbr20.dll
__LpPgmName                         clbr20.dll
free_                               clbr20.dll


                        +--------------------+
                        |   Libraries Used   |
                        +--------------------+

C:\WATCOM\lib386\nt\glu32.lib
C:\WATCOM\lib386\nt\opengl32.lib
lib\freeglut.lib
C:\WATCOM\lib386\emu387.lib
C:\WATCOM\lib386\nt\mt7rdll.lib
C:\WATCOM\lib386\nt\clbrdll.lib


                        +-----------------------+
                        |   Linker Statistics   |
                        +-----------------------+

Stack size:  00100000 (1048576.)
Memory size:  2830 (10288.)
Entry point address: 00401b76
Link time: 00:00.78
