Open Watcom Linker Version 2.0 beta Nov  8 2023 01:50:13 (32-bit)
Copyright (c) 2002-2023 The Open Watcom Contributors. All Rights Reserved.
Portions Copyright (c) 1985-2002 Sybase, Inc. All Rights Reserved.
Created on:       24/04/02 15:24:41
Executable Image: bin\smooth_opengl3d.exe
creating a Windows NT character-mode executable


                        +------------+
                        |   Groups   |
                        +------------+

Group                           Address              Size
=====                           =======              ====

.idata                          00403000             000004dc
DGROUP                          00404000             000010c0



                        +--------------+
                        |   Segments   |
                        +--------------+

Segment                Class          Group          Address         Size
=======                =====          =====          =======         ====

BEGTEXT                CODE           AUTO           00401000        00000007
_TEXT                  CODE           AUTO           00401010        00001061
TRANSFER CODE          CODE           AUTO           00402074        00000102
.idata                 .idata         .idata         00403000        000004dc
_NULL                  BEGDATA        DGROUP         00404000        00000004
_AFTERNULL             BEGDATA        DGROUP         00404004        00000000
CONST                  DATA           DGROUP         00404004        0000056f
CONST2                 DATA           DGROUP         00404574        0000003c
_DATA                  DATA           DGROUP         004045b0        00000048
XIB                    DATA           DGROUP         004045f8        00000000
XI                     DATA           DGROUP         004045f8        00000018
XIE                    DATA           DGROUP         00404610        00000000
YIB                    DATA           DGROUP         00404610        00000000
YI                     DATA           DGROUP         00404610        0000000c
YIE                    DATA           DGROUP         0040461c        00000000
TIB                    DATA           DGROUP         0040461c        00000000
TI                     DATA           DGROUP         0040461c        00000000
TIE                    DATA           DGROUP         0040461c        00000000
DATA                   DATA           DGROUP         0040461c        00000000
_BSS                   BSS            DGROUP         00405000        000000c0


                        +----------------+
                        |   Memory Map   |
                        +----------------+

* = unreferenced symbol
+ = symbol only referenced locally

Address        Symbol
=======        ======

Module: CMakeFiles\smooth_opengl3.dir\progs\demos\smooth_opengl3\smooth_opengl3.c.obj(C:\src\OpenGL\freeglut-3.4.0\progs\demos\smooth_opengl3\smooth_opengl3.c)
00405000+      _projectionMatrix
00405040+      _fgProjectionMatrixIndex
00405044+      _fgVertexIndex
00405048+      _fgColorIndex
0040504c+      _vertexArrayName
00405050+      _gl_UniformMatrix4fv
00405054+      _gl_GetUniformLocation
00405058+      _vertexBufferName
0040505c+      _gl_VertexAttribPointer
00405060+      _gl_AttachShader
00405064+      _gl_UseProgram
00405068+      _gl_CreateProgram
0040506c+      _gl_EnableVertexAttribArray
00405070+      _gl_GetShaderiv
00405074+      _gl_GetAttribLocation
00405078+      _gl_GetProgramInfoLog
0040507c+      _gl_GetProgramiv
00405080+      _gl_LinkProgram
00405084+      _gl_GetShaderInfoLog
00405088+      _gl_BindBuffer
0040508c+      _gl_BindVertexArray
00405090+      _gl_CreateShader
00405094+      _gl_GenBuffers
00405098+      _gl_BufferData
0040509c+      _gl_GenVertexArrays
00401010+      checkError_
0040106e+      initExtensionEntries_
0040135e+      initBuffer_
004013da+      compileAndCheck_
00401487+      compileShaderSource_
004014df+      linkAndCheck_
0040158c+      createProgram_
0040160a+      initShader_
004016dc+      initRendering_
00401715+      init_
0040174a+      dumpInfo_
004017e1+      bufferObjectPtr_
0040180e+      triangle_
004018b0+      display_
004018f1+      loadOrthof_
004019f2+      loadOrtho2Df_
00401a4e+      reshape_
00401af8+      keyboard_
00401b3d+      samplemenu_
00401b61       main_
00404574+      _varray
004045b0+      _vertexShaderSource
004045d8+      _fragmentShaderSource
004050a0+      _gl_ShaderSource
004050a4+      _gl_CompileShader
Module: C:\WATCOM\lib386\nt\clbrdll.lib(cstrtwnt)
00401c8a       _cstart_
00401c8a*      mainCRTStartup
Module: C:\WATCOM\lib386\nt\clbrdll.lib(fltuse80.c)
004045f4       _fltused_
Module: C:\WATCOM\lib386\emu387.lib(386stub.asm)
00401d20       __init_387_emulator
00401d21*      __fini_387_emulator
Module: C:\WATCOM\lib386\nt\clbrdll.lib(argcv.c)
004050a8       __argv
004050ac       __argc
004050b0       ___argc
004050b4       ___argv
Module: C:\WATCOM\lib386\nt\clbrdll.lib(main3wnt.c)
00401d30       __NTMain
Module: C:\WATCOM\lib386\nt\clbrdll.lib(segdefns)
00401003       ___begtext
00404000*      __nullarea
004045f8       __Start_XI
00404610       __End_XI
00404610       __Start_YI
0040461c       __End_YI
Module: C:\WATCOM\lib386\nt\clbrdll.lib(dsetefg.c)
00401d70       __setEFGfmt_
Module: C:\WATCOM\lib386\nt\clbrdll.lib(dinitarg.c)
00401f30       __Init_Argv_
00401f90       __Fini_Argv_
Module: C:\WATCOM\lib386\nt\clbrdll.lib(initrtns.c)
00401fc0       __InitRtns
00402010       __FiniRtns
Module: C:\WATCOM\lib386\nt\clbrdll.lib(dcinit.c)
00402070       __CommonInit_
Module: C:\WATCOM\lib386\nt\clbrdll.lib(dosseg)
00001234       __DOSseg__
Module: C:\WATCOM\lib386\nt\clbrdll.lib(histsplt.c)
004050bc       ___historical_splitparms


                        +----------------------+
                        |   Imported Symbols   |
                        +----------------------+

Symbol                              Module
======                              ======

__CHK                               clbr20.dll
__8087                              clbr20.dll
_glGetError@0                       OPENGL32.DLL
___iob_br                           clbr20.dll
fprintf_                            clbr20.dll
_glutGetProcAddress@4               freeglutd.dll
exit_                               clbr20.dll
malloc_                             clbr20.dll
free_                               clbr20.dll
_glClearColor@16                    OPENGL32.DLL
_glGetString@4                      OPENGL32.DLL
printf_                             clbr20.dll
_glDrawArrays@12                    OPENGL32.DLL
_glClear@4                          OPENGL32.DLL
_glFlush@0                          OPENGL32.DLL
_glViewport@16                      OPENGL32.DLL
_glutInit@8                         freeglutd.dll
_glutInitDisplayMode@4              freeglutd.dll
strcmp_                             clbr20.dll
_glutInitContextVersion@8           freeglutd.dll
_glutInitContextFlags@4             freeglutd.dll
_glutInitWindowSize@8               freeglutd.dll
_glutInitWindowPosition@8           freeglutd.dll
_glutCreateWindow@4                 freeglutd.dll
_glutDisplayFunc@4                  freeglutd.dll
_glutReshapeFunc@4                  freeglutd.dll
_glutKeyboardFunc@4                 freeglutd.dll
_glutCreateMenu@4                   freeglutd.dll
_glutAddMenuEntry@8                 freeglutd.dll
_glutSetMenu@4                      freeglutd.dll
_glutAttachMenu@4                   freeglutd.dll
_glutMainLoop@0                     freeglutd.dll
_SetLD80bit_                        clbr20.dll
__NewExceptionFilter_               clbr20.dll
___process_fini                     clbr20.dll
____Argv                            clbr20.dll
____Argc                            clbr20.dll
__get_EFG_Format_                   mt7r20.dll
___EFG_printf                       clbr20.dll
__get_EFG_cnvs2d_                   mt7r20.dll
___EFG_scanf                        clbr20.dll
__LpCmdLine                         clbr20.dll
__LpPgmName                         clbr20.dll


                        +--------------------+
                        |   Libraries Used   |
                        +--------------------+

C:\WATCOM\lib386\nt\opengl32.lib
lib\freeglutd.lib
C:\WATCOM\lib386\emu387.lib
C:\WATCOM\lib386\nt\mt7rdll.lib
C:\WATCOM\lib386\nt\clbrdll.lib


                        +-----------------------+
                        |   Linker Statistics   |
                        +-----------------------+

Stack size:  00100000 (1048576.)
Memory size:  2712 (10002.)
Entry point address: 00401c8a
Link time: 00:00.62
