Open Watcom Linker Version 2.0 beta Nov  8 2023 01:50:13 (32-bit)
Copyright (c) 2002-2023 The Open Watcom Contributors. All Rights Reserved.
Portions Copyright (c) 1985-2002 Sybase, Inc. All Rights Reserved.
Created on:       24/04/02 15:50:01
Executable Image: bin\timer_callback.exe
creating a Windows NT character-mode executable


                        +------------+
                        |   Groups   |
                        +------------+

Group                           Address              Size
=====                           =======              ====

.idata                          00402000             0000046d
DGROUP                          00403000             00001018



                        +--------------+
                        |   Segments   |
                        +--------------+

Segment                Class          Group          Address         Size
=======                =====          =====          =======         ====

BEGTEXT                CODE           AUTO           00401000        00000007
_TEXT                  CODE           AUTO           00401010        00000731
TRANSFER CODE          CODE           AUTO           00401744        000000e4
.idata                 .idata         .idata         00402000        0000046d
_NULL                  BEGDATA        DGROUP         00403000        00000004
_AFTERNULL             BEGDATA        DGROUP         00403004        00000000
CONST                  DATA           DGROUP         00403004        00000023
CONST2                 DATA           DGROUP         00403028        00000054
_DATA                  DATA           DGROUP         0040307c        00000004
XIB                    DATA           DGROUP         00403080        00000000
XI                     DATA           DGROUP         00403080        00000018
XIE                    DATA           DGROUP         00403098        00000000
YIB                    DATA           DGROUP         00403098        00000000
YI                     DATA           DGROUP         00403098        0000000c
YIE                    DATA           DGROUP         004030a4        00000000
TIB                    DATA           DGROUP         004030a4        00000000
TI                     DATA           DGROUP         004030a4        00000000
TIE                    DATA           DGROUP         004030a4        00000000
DATA                   DATA           DGROUP         004030a4        00000000
_BSS                   BSS            DGROUP         00404000        00000018


                        +----------------+
                        |   Memory Map   |
                        +----------------+

* = unreferenced symbol
+ = symbol only referenced locally

Address        Symbol
=======        ======

Module: CMakeFiles\timer_callback.dir\progs\demos\timer_callback\timer.c.obj(C:\src\OpenGL\freeglut-3.4.0\progs\demos\timer_callback\timer.c)
00401010+      createMenuEntries_
004010a0+      updateMenuEntries_
00401130+      MenuHandler_
00401150       main_
004012a0+      disp_
00401320+      timer_func_
00403028+      _color
00403070+      _timerInts
Module: C:\WATCOM\lib386\nt\clbrdll.lib(cstrtwnt)
00401356       _cstart_
00401356*      mainCRTStartup
Module: C:\WATCOM\lib386\nt\clbrdll.lib(fltuse80.c)
0040307c       _fltused_
Module: C:\WATCOM\lib386\emu387.lib(386stub.asm)
004013f0       __init_387_emulator
004013f1*      __fini_387_emulator
Module: C:\WATCOM\lib386\nt\clbrdll.lib(argcv.c)
00404000       __argv
00404004       __argc
00404008       ___argc
0040400c       ___argv
Module: C:\WATCOM\lib386\nt\clbrdll.lib(main3wnt.c)
00401400       __NTMain
Module: C:\WATCOM\lib386\nt\clbrdll.lib(segdefns)
00401003       ___begtext
00403000*      __nullarea
00403080       __Start_XI
00403098       __End_XI
00403098       __Start_YI
004030a4       __End_YI
Module: C:\WATCOM\lib386\nt\clbrdll.lib(dsetefg.c)
00401440       __setEFGfmt_
Module: C:\WATCOM\lib386\nt\clbrdll.lib(dinitarg.c)
00401600       __Init_Argv_
00401660       __Fini_Argv_
Module: C:\WATCOM\lib386\nt\clbrdll.lib(initrtns.c)
00401690       __InitRtns
004016e0       __FiniRtns
Module: C:\WATCOM\lib386\nt\clbrdll.lib(dcinit.c)
00401740       __CommonInit_
Module: C:\WATCOM\lib386\nt\clbrdll.lib(dosseg)
00001234       __DOSseg__
Module: C:\WATCOM\lib386\nt\clbrdll.lib(histsplt.c)
00404014       ___historical_splitparms


                        +----------------------+
                        |   Imported Symbols   |
                        +----------------------+

Symbol                              Module
======                              ======

__8087                              clbr20.dll
sprintf_                            clbr20.dll
_glutAddMenuEntry@8                 freeglut.dll
_glutChangeToMenuEntry@12           freeglut.dll
_glutSetMenu@4                      freeglut.dll
_glutInit@8                         freeglut.dll
_glutInitWindowSize@8               freeglut.dll
_glutInitDisplayMode@4              freeglut.dll
_glutCreateWindow@4                 freeglut.dll
_glutDisplayFuncUcall@8             freeglut.dll
_glutTimerFuncUcall@16              freeglut.dll
_glutCreateMenuUcall@8              freeglut.dll
_glutAddSubMenu@8                   freeglut.dll
_glutAttachMenu@4                   freeglut.dll
_glutMainLoop@0                     freeglut.dll
_glClearColor@16                    OPENGL32.DLL
_glClear@4                          OPENGL32.DLL
_glPointSize@4                      OPENGL32.DLL
_glColor3f@12                       OPENGL32.DLL
_glBegin@4                          OPENGL32.DLL
_glVertex2i@8                       OPENGL32.DLL
_glEnd@0                            OPENGL32.DLL
_glutSwapBuffers@0                  freeglut.dll
_glutPostRedisplay@0                freeglut.dll
_SetLD80bit_                        clbr20.dll
__NewExceptionFilter_               clbr20.dll
___process_fini                     clbr20.dll
____Argv                            clbr20.dll
____Argc                            clbr20.dll
exit_                               clbr20.dll
__get_EFG_Format_                   mt7r20.dll
___EFG_printf                       clbr20.dll
__get_EFG_cnvs2d_                   mt7r20.dll
___EFG_scanf                        clbr20.dll
malloc_                             clbr20.dll
__LpCmdLine                         clbr20.dll
__LpPgmName                         clbr20.dll
free_                               clbr20.dll


                        +--------------------+
                        |   Libraries Used   |
                        +--------------------+

C:\WATCOM\lib386\nt\opengl32.lib
lib\freeglut.lib
C:\WATCOM\lib386\emu387.lib
C:\WATCOM\lib386\nt\mt7rdll.lib
C:\WATCOM\lib386\nt\clbrdll.lib


                        +-----------------------+
                        |   Linker Statistics   |
                        +-----------------------+

Stack size:  00100000 (1048576.)
Memory size:  1cad (7341.)
Entry point address: 00401356
Link time: 00:00.47
