Open Watcom Linker Version 2.0 beta Nov  8 2023 01:50:13 (32-bit)
Copyright (c) 2002-2023 The Open Watcom Contributors. All Rights Reserved.
Portions Copyright (c) 1985-2002 Sybase, Inc. All Rights Reserved.
Created on:       24/04/02 15:50:02
Executable Image: bin\timer_callback_static.exe
creating a Windows NT character-mode executable


                        +------------+
                        |   Groups   |
                        +------------+

Group                           Address              Size
=====                           =======              ====

.idata                          00413000             00001220
DGROUP                          00415000             0007bea8



                        +--------------+
                        |   Segments   |
                        +--------------+

Segment                Class          Group          Address         Size
=======                =====          =====          =======         ====

BEGTEXT                CODE           AUTO           00401000        00000007
_TEXT                  CODE           AUTO           00401010        00010c2c
TRANSFER CODE          CODE           AUTO           00411c3c        00000444
.idata                 .idata         .idata         00413000        00001220
_NULL                  BEGDATA        DGROUP         00415000        00000004
_AFTERNULL             BEGDATA        DGROUP         00415004        00000000
CONST                  DATA           DGROUP         00415004        00003dd3
CONST2                 DATA           DGROUP         00418dd8        0000f43c
_DATA                  DATA           DGROUP         00428214        00004381
XIB                    DATA           DGROUP         0042c596        00000000
XI                     DATA           DGROUP         0042c596        00000018
XIE                    DATA           DGROUP         0042c5ae        00000000
YIB                    DATA           DGROUP         0042c5ae        00000000
YI                     DATA           DGROUP         0042c5ae        0000000c
YIE                    DATA           DGROUP         0042c5ba        00000000
TIB                    DATA           DGROUP         0042c5ba        00000000
TI                     DATA           DGROUP         0042c5ba        00000000
TIE                    DATA           DGROUP         0042c5ba        00000000
DATA                   DATA           DGROUP         0042c5ba        00000000
_BSS                   BSS            DGROUP         0042d000        00063ea8


                        +----------------+
                        |   Memory Map   |
                        +----------------+

* = unreferenced symbol
+ = symbol only referenced locally

Address        Symbol
=======        ======

Module: CMakeFiles\timer_callback_static.dir\progs\demos\timer_callback\timer.c.obj(C:\src\OpenGL\freeglut-3.4.0\progs\demos\timer_callback\timer.c)
00401010+      createMenuEntries_
004010a0+      updateMenuEntries_
00401130+      MenuHandler_
00401150       main_
00401280+      disp_
00401300+      timer_func_
00418dd8+      _color
00418e20+      _timerInts
Module: lib\freeglut_static.lib(C:\src\OpenGL\freeglut-3.4.0\src\fg_menu.c)
004013d0       fgUpdateMenuHighlight_
004019c0       fgDisplayMenu_
00401c60       fgCheckActiveMenu_
00401d90       fgDeactivateMenu_
00401e90+      fghCalculateMenuBoxSize_
00401f20       glutCreateMenuUcall_
00401f70       glutCreateMenu_
00401fb0       glutDestroyMenu_
00402000       glutGetMenu_
00402030       glutSetMenu_
00402060       glutAddMenuEntry_
004020e0       glutAddSubMenu_
00402170       glutSetMenuFont_
004021e0       glutChangeToMenuEntry_
00402260       glutChangeToSubMenu_
004022f0       glutRemoveMenuItem_
00402380       glutAttachMenu_
004023f0       glutDetachMenu_
00402460       glutGetMenuData_
00402490       glutSetMenuData_
Module: lib\freeglut_static.lib(C:\src\OpenGL\freeglut-3.4.0\src\fg_init.c)
00428258       _fgState
004024c0+      fghParseCommandLineArguments_
004026e0       fghCloseInputDevices_
00402700       fgDeinitialize_
00402700       glutExit_
004028e0       glutInit_
00402a00       glutInitWindowPosition_
00402a30       glutInitWindowSize_
00402a60       glutInitDisplayMode_
00402b00       glutInitDisplayString_
00402c00       glutInitContextVersion_
00402c10       glutInitContextFlags_
00402c20       glutInitContextProfile_
00402c30       glutInitErrorFuncUcall_
00402c50       glutInitErrorFunc_
00402c70       glutInitWarningFuncUcall_
00402c90       glutInitWarningFunc_
0042d000       _fgDisplay
Module: lib\freeglut_static.lib(C:\src\OpenGL\freeglut-3.4.0\src\fg_window.c)
00402cb0       fghIsLegacyContextRequested_
00402ce0       fghNumberOfAuxBuffersRequested_
00402d10       fghMapBit_
00402d20       fghContextCreationError_
00402d50       fgSetWindow_
00402d60       fgOpenWindow_
00402df0       fgCloseWindow_
00402e20       glutCreateWindow_
00402e80       glutCreateSubWindow_
00402f40       glutDestroyWindow_
00402f80       glutSetWindow_
00402fd0       glutGetWindow_
00403000       glutShowWindow_
00403060       glutHideWindow_
004030c0       glutIconifyWindow_
00403120       glutSetWindowTitle_
00403180       glutSetIconTitle_
004031e0       glutReshapeWindow_
00403250       glutPositionWindow_
004032c0       glutPushWindow_
00403320       glutPopWindow_
00403380       glutFullScreen_
00403410       glutLeaveFullScreen_
00403460       glutFullScreenToggle_
004034b0       glutGetWindowData_
00403500       glutSetWindowData_
Module: lib\freeglut_static.lib(C:\src\OpenGL\freeglut-3.4.0\src\fg_callbacks.c)
00403550       glutIdleFuncUcall_
00403590       glutIdleFunc_
004035d0       glutTimerFuncUcall_
00403680       glutTimerFunc_
004036c0       glutMenuStateFunc_
004036f0       glutMenuStatusFuncUcall_
00403730       glutMenuStatusFunc_
00403770       glutMenuDestroyFuncUcall_
004037c0       glutMenuDestroyFunc_
00403810       glutPositionFuncUcall_
00403860       glutPositionFunc_
004038c0       glutKeyboardFuncUcall_
00403910       glutKeyboardFunc_
00403970       glutKeyboardUpFuncUcall_
004039c0       glutKeyboardUpFunc_
00403a10       glutSpecialFuncUcall_
00403a60       glutSpecialFunc_
00403ab0       glutSpecialUpFuncUcall_
00403b00       glutSpecialUpFunc_
00403b50       glutMouseFuncUcall_
00403ba0       glutMouseFunc_
00403bf0       glutMouseWheelFuncUcall_
00403c40       glutMouseWheelFunc_
00403c90       glutMotionFuncUcall_
00403ce0       glutMotionFunc_
00403d30       glutPassiveMotionFuncUcall_
00403d80       glutPassiveMotionFunc_
00403dd0       glutEntryFuncUcall_
00403e20       glutEntryFunc_
00403e70       glutCloseFuncUcall_
00403ec0       glutCloseFunc_
00403f10       glutWMCloseFuncUcall_
00403f60       glutWMCloseFunc_
00403fb0       glutOverlayDisplayFuncUcall_
00404000       glutOverlayDisplayFunc_
00404050       glutWindowStatusFuncUcall_
004040a0       glutWindowStatusFunc_
004040f0       glutButtonBoxFuncUcall_
00404140       glutButtonBoxFunc_
00404190       glutDialsFuncUcall_
004041e0       glutDialsFunc_
00404230       glutTabletMotionFuncUcall_
00404280       glutTabletMotionFunc_
004042d0       glutTabletButtonFuncUcall_
00404320       glutTabletButtonFunc_
00404370       glutMultiEntryFuncUcall_
004043c0       glutMultiEntryFunc_
00404420       glutMultiButtonFuncUcall_
00404470       glutMultiButtonFunc_
004044c0       glutMultiMotionFuncUcall_
00404510       glutMultiMotionFunc_
00404560       glutMultiPassiveFuncUcall_
004045b0       glutMultiPassiveFunc_
00404600       glutInitContextFuncUcall_
00404650       glutInitContextFunc_
004046a0       glutAppStatusFuncUcall_
004046f0       glutAppStatusFunc_
00404730       glutDisplayFuncUcall_
004047a0       glutDisplayFunc_
004047e0       fghDefaultReshape_
004047f0       glutReshapeFuncUcall_
00404860       glutReshapeFunc_
00404900       glutVisibilityFuncUcall_
00404980       glutVisibilityFunc_
004049c0       glutJoystickFuncUcall_
00404ac0       glutJoystickFunc_
00404b00       glutSpaceballMotionFuncUcall_
00404b70       glutSpaceballMotionFunc_
00404bb0       glutSpaceballRotateFuncUcall_
00404c20       glutSpaceballRotateFunc_
00404c60       glutSpaceballButtonFuncUcall_
00404cd0       glutSpaceballButtonFunc_
Module: lib\freeglut_static.lib(C:\src\OpenGL\freeglut-3.4.0\src\fg_main.c)
00404d10       fghOnReshapeNotify_
00404d70       fghOnPositionNotify_
00404dc0+      fghRedrawWindow_
00404e00       fghRedrawWindowAndChildren_
00404f20       fgSystemTime_
00404f30       fgElapsedTime_
00404f40       fgError_
00404ff0       fgWarning_
00405140+      fgProcessWork_
004051e0       glutMainLoopEvent_
00405230       glutMainLoop_
004052f0       glutLeaveMainLoop_
Module: lib\freeglut_static.lib(C:\src\OpenGL\freeglut-3.4.0\src\fg_display.c)
00405320       glutPostRedisplay_
00405360       glutSwapBuffers_
00405470       glutPostWindowRedisplay_
Module: C:\WATCOM\lib386\nt\clbrdll.lib(cstrtwnt)
004054a0       _cstart_
004054a0*      mainCRTStartup
Module: C:\WATCOM\lib386\nt\clbrdll.lib(fltuse80.c)
004283b8       _fltused_
Module: C:\WATCOM\lib386\emu387.lib(386stub.asm)
00405530       __init_387_emulator
00405531*      __fini_387_emulator
Module: C:\WATCOM\lib386\nt\clbrdll.lib(argcv.c)
0042d0b4       __argv
0042d0b8       __argc
0042d0bc       ___argc
0042d0c0       ___argv
Module: lib\freeglut_static.lib(C:\src\OpenGL\freeglut-3.4.0\src\mswin\fg_window_mswin.c)
00405630       fgNewWGLCreateContext_
00405880       fgSetupPixelFormat_
00405b10       fgPlatformSetWindow_
00405b60+      fghGetDefaultWindowStyle_
00405b80       fghGetStyleFromWindow_
00405bd0       fghComputeWindowRectFromClientArea_UseStyle_
00405c40       fghComputeWindowRectFromClientArea_QueryWindow_
00405c80       fghGetClientArea_
00405d90       fgPlatformOpenWindow_
00406180       fgPlatformCloseWindow_
00406200       fgPlatformHideWindow_
00406220       fgPlatformGlutSetWindowTitle_
00406280       fgPlatformGlutSetIconTitle_
004062e0*      __glutCreateWindowWithExit_
Module: lib\freeglut_static.lib(C:\src\OpenGL\freeglut-3.4.0\src\fg_structure.c)
00406320       fgCreateWindow_
00406410       fgCreateMenu_
004064c0       fgAddToWindowDestroyList_
00406530       fgCloseWindows_
00406560       fgDestroyWindow_
004066a0       fgDestroyMenu_
00406790       fgCreateStructure_
004067d0       fgDestroyStructure_
00406800       fgEnumWindows_
00406850       fgEnumMenus_
004068a0       fgEnumSubWindows_
00406930       fgWindowByHandle_
00406990       fgWindowByID_
004069f0       fgMenuByID_
00406a50       fgGetActiveMenu_
00406a80       fgListInit_
00406a90       fgListAppend_
00406ab0       fgListRemove_
00406af0       fgListLength_
00406b10       fgListInsert_
004283c0       _fgStructure
Module: lib\freeglut_static.lib(C:\src\OpenGL\freeglut-3.4.0\src\mswin\fg_menu_mswin.c)
00406b40       fgPlatformGetGameModeVMaxExtent_
00406b80       fgPlatformCheckMenuDeactivate_
00406bd0*      __glutCreateMenuWithExit_
00406be0*      __glutCreateMenuUcallWithExit_
Module: lib\freeglut_static.lib(C:\src\OpenGL\freeglut-3.4.0\src\fg_font.c)
00406c00       fghFontByID_
00406c70       glutBitmapCharacter_
00406d60       glutBitmapString_
00406ec0       glutBitmapWidth_
00406f20       glutBitmapLength_
00406fb0       glutBitmapHeight_
00406ff0       glutStrokeCharacter_
004070d0       glutStrokeString_
004071f0       glutStrokeWidthf_
00407270       glutStrokeWidth_
00407290       glutStrokeLengthf_
00407370       glutStrokeLength_
00407390       glutStrokeHeight_
Module: lib\freeglut_static.lib(C:\src\OpenGL\freeglut-3.4.0\src\fg_state.c)
004073e0       glutSetOption_
00407590       glutGet_
004079a0       glutDeviceGet_
00407a60       glutGetModifiers_
00407ab0       glutLayerGet_
00407b00       glutGetModeValues_
Module: lib\freeglut_static.lib(C:\src\OpenGL\freeglut-3.4.0\src\mswin\fg_cursor_mswin.c)
00407b30       fgPlatformSetCursor_
00408040       fgPlatformWarpPointer_
00408080       fghPlatformGetCursorPos_
Module: lib\freeglut_static.lib(C:\src\OpenGL\freeglut-3.4.0\src\fg_joystick.c)
004080d0+      fgJoystickRawRead_
004083c0       fgInitialiseJoysticks_
004083f0       fgJoystickClose_
00408430       fgJoystickPollWindow_
00408500       fgJoystickDetect_
00408540       glutForceJoystickFunc_
00408580       glutJoystickGetNumAxes_
004085b0       glutJoystickGetNumButtons_
004085e0       glutJoystickNotWorking_
00408610       glutJoystickGetDeadBand_
00408640       glutJoystickSetDeadBand_
00408680       glutJoystickGetSaturation_
004086b0       glutJoystickSetSaturation_
004086f0       glutJoystickSetMinRange_
00408730       glutJoystickSetMaxRange_
00408770       glutJoystickSetCenter_
004087b0       glutJoystickGetMinRange_
00408800       glutJoystickGetMaxRange_
00408850       glutJoystickGetCenter_
0042d0c4+      _fgJoystick
Module: lib\freeglut_static.lib(C:\src\OpenGL\freeglut-3.4.0\src\fg_input_devices.c)
004088a0       fgInputDeviceDetect_
004088d0       fgInitialiseInputDevices_
00408930       fgInputDeviceClose_
Module: lib\freeglut_static.lib(C:\src\OpenGL\freeglut-3.4.0\src\fg_gamemode.c)
00408b10       glutGameModeString_
00408c70       glutEnterGameMode_
00408d10       glutLeaveGameMode_
00408d70       glutGameModeGet_
Module: lib\freeglut_static.lib(C:\src\OpenGL\freeglut-3.4.0\src\mswin\fg_init_mswin.c)
00408e00       fgPlatformInitialize_
00408fd0       fgPlatformDeinitialiseInputDevices_
00408ff0       fgPlatformCloseDisplay_
00409020       fgPlatformDestroyContext_
00409030*      __glutInitWithExit_
004283f8       ___glutExitFunc
Module: lib\freeglut_static.lib(C:\src\OpenGL\freeglut-3.4.0\src\util\xparsegeometry_repl.c)
00409090       XParseGeometry_
Module: lib\freeglut_static.lib(C:\src\OpenGL\freeglut-3.4.0\src\fg_gl2.c)
00409240       glutSetVertexAttribCoord3_
00409250       glutSetVertexAttribNormal_
00409260       glutSetVertexAttribTexCoord2_
00409270       fgInitGL2_
0042d0d4       _fghBufferData
0042d0d8       _fghDeleteBuffers
0042d0dc       _fghGenBuffers
0042d0e0       _fghVertexAttribPointer
0042d0e4       _fghBindBuffer
0042d0e8       _fghEnableVertexAttribArray
0042d0ec       _fghDisableVertexAttribArray
Module: lib\freeglut_static.lib(C:\src\OpenGL\freeglut-3.4.0\src\fg_spaceball.c)
00409310       fgInitialiseSpaceball_
00409320*      fgSpaceballClose_
00409330       fgHasSpaceball_
00409360       fgSpaceballNumButtons_
00409390*      fgSpaceballSetWindow_
004283fc       _fg_sball_initialized
Module: lib\freeglut_static.lib(C:\src\OpenGL\freeglut-3.4.0\src\mswin\fg_main_mswin.c)
004093c0       fgPlatformInitSystemTime_
004093d0       fgPlatformSystemTime_
00409400       fgPlatformSleepForEvents_
00409420       fgPlatformProcessSingleEvent_
00409560       fgPlatformMainLoopPreliminaryWork_
00409c50+      fghWindowUnderCursor_
00409cf0       _fgPlatformWindowProc@16
0040ab30       fgPlatformInitWork_
0040aba0       fgPlatformPosResZordWork_
0040ae30       fgPlatformVisibilityWork_
Module: lib\freeglut_static.lib(C:\src\OpenGL\freeglut-3.4.0\src\fg_misc.c)
0040ae90       glutExtensionSupported_
0040afb0       glutReportErrors_
0040aff0       glutIgnoreKeyRepeat_
0040b050       glutSetKeyRepeat_
0040b0a0       glutSetColor_
0040b0e0       glutGetColor_
0040b110       glutCopyColormap_
Module: lib\freeglut_static.lib(C:\src\OpenGL\freeglut-3.4.0\src\mswin\fg_display_mswin.c)
0040b140       fgPlatformGlutSwapBuffers_
Module: C:\WATCOM\lib386\nt\clbrdll.lib(main3wnt.c)
0040b150       __NTMain
Module: C:\WATCOM\lib386\nt\clbrdll.lib(segdefns)
00401003       ___begtext
00415000*      __nullarea
0042c596       __Start_XI
0042c5ae       __End_XI
0042c5ae       __Start_YI
0042c5ba       __End_YI
Module: C:\WATCOM\lib386\nt\clbrdll.lib(dsetefg.c)
0040b190       __setEFGfmt_
Module: C:\WATCOM\lib386\nt\clbrdll.lib(dinitarg.c)
0040b350       __Init_Argv_
0040b3b0       __Fini_Argv_
Module: lib\freeglut_static.lib(C:\src\OpenGL\freeglut-3.4.0\src\mswin\fg_structure_mswin.c)
0040b3d0       fgPlatformCreateWindow_
Module: lib\freeglut_static.lib(C:\src\OpenGL\freeglut-3.4.0\src\fg_font_data.c)
00428820       _fgFontFixed8x13
00428c3c       _fgFontFixed9x15
00429058       _fgFontHelvetica10
00429474       _fgFontHelvetica12
00429890       _fgFontHelvetica18
00429cac       _fgFontTimesRoman10
0042a0c8       _fgFontTimesRoman24
Module: lib\freeglut_static.lib(C:\src\OpenGL\freeglut-3.4.0\src\fg_stroke_roman.c)
0042a2e0       _fgStrokeRoman
Module: lib\freeglut_static.lib(C:\src\OpenGL\freeglut-3.4.0\src\fg_stroke_mono_roman.c)
0042a4f0       _fgStrokeMonoRoman
Module: lib\freeglut_static.lib(C:\src\OpenGL\freeglut-3.4.0\src\mswin\fg_state_mswin.c)
0040b3e0       fgPlatformGlutGet_
0040b960       fgPlatformGlutDeviceGet_
0040b9b0       fgPlatformGlutGetModeValues_
Module: lib\freeglut_static.lib(C:\src\OpenGL\freeglut-3.4.0\src\mswin\fg_joystick_mswin.c)
0040b9e0       fgPlatformJoystickRawRead_
0040bd70       fgPlatformJoystickOpen_
0040bf80       fgPlatformJoystickInit_
0040bfe0       fgPlatformJoystickClose_
Module: lib\freeglut_static.lib(C:\src\OpenGL\freeglut-3.4.0\src\mswin\fg_input_devices_mswin.c)
0040c010       fgPlatformRegisterDialDevice_
0040c080       fg_serial_open_
0040c150       fg_serial_close_
0040c190       fg_serial_getchar_
0040c1d0       fg_serial_putchar_
0040c200       fg_serial_flush_
Module: lib\freeglut_static.lib(C:\src\OpenGL\freeglut-3.4.0\src\mswin\fg_gamemode_mswin.c)
0040c230+      fghChangeDisplayMode_
0040c3b0       fgPlatformRememberState_
0040c3d0       fgPlatformRestoreState_
0040c3e0       fgPlatformChangeDisplayMode_
0040c470       fgPlatformLeaveGameMode_
0040c470       fgPlatformEnterGameMode_
Module: lib\freeglut_static.lib(C:\src\OpenGL\freeglut-3.4.0\src\fg_ext.c)
0040d9b0       glutGetProcAddress_
Module: lib\freeglut_static.lib(C:\src\OpenGL\freeglut-3.4.0\src\mswin\fg_spaceball_mswin.c)
0040d9f0       fgPlatformInitializeSpaceball_
0040da40       fgPlatformSpaceballClose_
0040da50       fgPlatformHasSpaceball_
0040da60*      fgIsSpaceballWinEvent_
0040da60       fgPlatformSpaceballNumButtons_
0040da70       fgPlatformSpaceballSetWindow_
0040da80       fgSpaceballHandleWinEvent_
0042a504+      ___fgSpaceKeystate
0042a508+      ___fgSpaceball
Module: lib\freeglut_static.lib(C:\src\OpenGL\freeglut-3.4.0\src\fg_cursor.c)
0040dc80       fgSetCursor_
0040dc90       glutSetCursor_
0040dcf0       glutWarpPointer_
Module: lib\freeglut_static.lib(C:\src\OpenGL\freeglut-3.4.0\src\mswin\fg_cmap_mswin.c)
0040dd40       fgPlatformSetColor_
0040de00       fgPlatformGetColor_
0040deb0       fgPlatformCopyColormap_
Module: C:\WATCOM\lib386\nt\clbrdll.lib(initrtns.c)
0040ded0       __InitRtns
0040df20       __FiniRtns
Module: C:\WATCOM\lib386\nt\clbrdll.lib(dcinit.c)
0040df80       __CommonInit_
Module: C:\WATCOM\lib386\nt\clbrdll.lib(dosseg)
00001234       __DOSseg__
Module: C:\WATCOM\lib386\nt\clbrdll.lib(histsplt.c)
0042d1f8       ___historical_splitparms
Module: lib\freeglut_static.lib(C:\src\OpenGL\freeglut-3.4.0\src\fg_overlay.c)
0040df90       glutHideOverlay_
0040df90       glutShowOverlay_
0040df90       glutPostWindowOverlayRedisplay_
0040df90       glutPostOverlayRedisplay_
0040df90       glutUseLayer_
0040df90       glutRemoveOverlay_
0040df90       glutEstablishOverlay_
Module: lib\freeglut_static.lib(C:\src\OpenGL\freeglut-3.4.0\src\fg_geometry.c)
0040dfa0       fghDrawGeometryWire_
0040e030       fghDrawGeometrySolid_
0040f2e0+      fghGenerateCone_
0040f580+      fghGenerateCylinder_
0040f840+      fghGenerateTorus_
004105a0       glutSolidSphere_
004105e0       glutWireSphere_
00410620       glutSolidCone_
00410670       glutWireCone_
004106c0       glutSolidCylinder_
00410710       glutWireCylinder_
00410760       glutWireTorus_
004107b0       glutSolidTorus_
00410800       glutWireCube_
00410830       glutSolidCube_
00410860       glutWireDodecahedron_
00410890       glutSolidDodecahedron_
00410900       glutWireIcosahedron_
00410930       glutSolidIcosahedron_
004109a0       glutWireOctahedron_
004109d0       glutSolidOctahedron_
00410a40       glutWireRhombicDodecahedron_
00410a70       glutSolidRhombicDodecahedron_
00410ae0       glutWireSierpinskiSponge_
00410b20       glutSolidSierpinskiSponge_
00410b60       glutWireTetrahedron_
00410b90       glutSolidTetrahedron_
Module: lib\freeglut_static.lib(C:\src\OpenGL\freeglut-3.4.0\src\fg_teapot.c)
00411890       glutWireTeapot_
00411900       glutSolidTeapot_
00411970       glutWireTeacup_
004119e0       glutSolidTeacup_
00411a60       glutWireTeaspoon_
00411ad0       glutSolidTeaspoon_
Module: lib\freeglut_static.lib(C:\src\OpenGL\freeglut-3.4.0\src\fg_videoresize.c)
00411b50       glutVideoResizeGet_
00411b60       glutVideoPan_
00411b60       glutVideoResize_
00411b60       glutStopVideoResizing_
00411b60       glutSetupVideoResizing_
Module: lib\freeglut_static.lib(C:\src\OpenGL\freeglut-3.4.0\src\mswin\fg_ext_mswin.c)
00411b70       fgPlatformGetGLUTProcAddress_
00411c30       fgPlatformGetProcAddress_


                        +----------------------+
                        |   Imported Symbols   |
                        +----------------------+

Symbol                              Module
======                              ======

__8087                              clbr20.dll
sprintf_                            clbr20.dll
__CHP                               mt7r20.dll
_glClearColor@16                    OPENGL32.DLL
_glClear@4                          OPENGL32.DLL
_glPointSize@4                      OPENGL32.DLL
_glColor3f@12                       OPENGL32.DLL
_glBegin@4                          OPENGL32.DLL
_glVertex2i@8                       OPENGL32.DLL
_glEnd@0                            OPENGL32.DLL
_SetLD80bit_                        clbr20.dll
_glColor4f@16                       OPENGL32.DLL
_glColor4fv@4                       OPENGL32.DLL
_glRasterPos2i@8                    OPENGL32.DLL
_glPushAttrib@4                     OPENGL32.DLL
_glDisable@4                        OPENGL32.DLL
_glMatrixMode@4                     OPENGL32.DLL
_glPushMatrix@0                     OPENGL32.DLL
_glLoadIdentity@0                   OPENGL32.DLL
_glOrtho@48                         OPENGL32.DLL
_glPopAttrib@0                      OPENGL32.DLL
_glPopMatrix@0                      OPENGL32.DLL
calloc_                             clbr20.dll
_strdup_                            clbr20.dll
free_                               clbr20.dll
getenv_                             clbr20.dll
sscanf_                             clbr20.dll
strcmp_                             clbr20.dll
strlen_                             clbr20.dll
malloc_                             clbr20.dll
memcpy_                             clbr20.dll
strtok_                             clbr20.dll
strcspn_                            clbr20.dll
strncmp_                            clbr20.dll
_glDrawBuffer@4                     OPENGL32.DLL
_glReadBuffer@4                     OPENGL32.DLL
_glViewport@16                      OPENGL32.DLL
___iob_br                           clbr20.dll
fprintf_                            clbr20.dll
vfprintf_                           clbr20.dll
exit_                               clbr20.dll
_glFlush@0                          OPENGL32.DLL
_wglGetProcAddress@4                OPENGL32.DLL
strstr_                             clbr20.dll
_wglMakeCurrent@8                   OPENGL32.DLL
_wglDeleteContext@4                 OPENGL32.DLL
memset_                             clbr20.dll
_CreateDCA@16                       GDI32.DLL
_ChoosePixelFormat@8                GDI32.DLL
_wglGetCurrentContext@0             OPENGL32.DLL
_wglGetCurrentDC@0                  OPENGL32.DLL
_DefWindowProcA@16                  USER32.DLL
_RegisterClassA@4                   USER32.DLL
_CreateWindowExA@48                 USER32.DLL
_GetDC@4                            USER32.DLL
_SetPixelFormat@12                  GDI32.DLL
_wglCreateContext@4                 OPENGL32.DLL
_ReleaseDC@8                        USER32.DLL
_DestroyWindow@4                    USER32.DLL
_UnregisterClassA@8                 USER32.DLL
_DescribePixelFormat@16             GDI32.DLL
_DeleteDC@4                         GDI32.DLL
_GetWindowLongA@8                   USER32.DLL
_CopyRect@8                         USER32.DLL
_AdjustWindowRectEx@16              USER32.DLL
_GetClientRect@8                    USER32.DLL
_GetWindowRect@8                    USER32.DLL
_ClientToScreen@8                   USER32.DLL
_OffsetRect@12                      USER32.DLL
_GetMonitorInfoA@8                  USER32.DLL
_EnumDisplayMonitors@16             USER32.DLL
_GetClassInfoA@12                   USER32.DLL
_SetWindowLongA@12                  USER32.DLL
_SetWindowPos@28                    USER32.DLL
_GetSystemPaletteEntries@16         GDI32.DLL
_CreatePalette@4                    GDI32.DLL
_SelectPalette@12                   GDI32.DLL
_GetDeviceCaps@8                    GDI32.DLL
_RealizePalette@4                   GDI32.DLL
_GetModuleHandleA@4                 KERNEL32.DLL
_GetProcAddress@8                   KERNEL32.DLL
_ShowWindow@8                       USER32.DLL
_ShowCursor@4                       USER32.DLL
_IsIconic@4                         USER32.DLL
_SetWindowTextA@8                   USER32.DLL
_glPushClientAttrib@4               OPENGL32.DLL
_glPixelStorei@8                    OPENGL32.DLL
_glBitmap@28                        OPENGL32.DLL
_glPopClientAttrib@0                OPENGL32.DLL
_glVertex2f@8                       OPENGL32.DLL
_glTranslatef@12                    OPENGL32.DLL
_LoadCursorA@8                      USER32.DLL
_SetCursor@4                        USER32.DLL
_SetClassLongA@12                   USER32.DLL
_SetCursorPos@8                     USER32.DLL
_GetCursorPos@4                     USER32.DLL
_ScreenToClient@8                   USER32.DLL
IF@DSIN                             mt7r20.dll
IF@DCOS                             mt7r20.dll
_LoadIconA@8                        USER32.DLL
_GetSystemMetrics@4                 USER32.DLL
_GetDesktopWindow@0                 USER32.DLL
_timeBeginPeriod@4                  WINMM.DLL
_timeEndPeriod@4                    WINMM.DLL
_timeGetTime@0                      WINMM.DLL
_MsgWaitForMultipleObjects@20       USER32.DLL
_PeekMessageA@20                    USER32.DLL
_GetMessageA@16                     USER32.DLL
_TranslateMessage@4                 USER32.DLL
_DispatchMessageA@4                 USER32.DLL
_GetKeyState@4                      USER32.DLL
_GetKeyboardState@4                 USER32.DLL
_ToAscii@20                         USER32.DLL
_GetMessagePos@0                    USER32.DLL
_ChildWindowFromPoint@12            USER32.DLL
_SetActiveWindow@4                  USER32.DLL
_UpdateWindow@4                     USER32.DLL
_TrackMouseEvent@4                  USER32.DLL
_GetUpdateRect@12                   USER32.DLL
_BeginPaint@8                       USER32.DLL
_EndPaint@8                         USER32.DLL
_PostQuitMessage@4                  USER32.DLL
_SetCapture@4                       USER32.DLL
_ReleaseCapture@0                   USER32.DLL
abs_                                clbr20.dll
_InvalidateRect@12                  USER32.DLL
_IsZoomed@4                         USER32.DLL
_SendMessageA@16                    USER32.DLL
_MonitorFromWindow@8                USER32.DLL
strchr_                             clbr20.dll
_glGetString@4                      OPENGL32.DLL
_glGetError@0                       OPENGL32.DLL
_SwapBuffers@4                      GDI32.DLL
__NewExceptionFilter_               clbr20.dll
___process_fini                     clbr20.dll
____Argv                            clbr20.dll
____Argc                            clbr20.dll
__get_EFG_Format_                   mt7r20.dll
___EFG_printf                       clbr20.dll
__get_EFG_cnvs2d_                   mt7r20.dll
___EFG_scanf                        clbr20.dll
__LpCmdLine                         clbr20.dll
__LpPgmName                         clbr20.dll
_glGetIntegerv@8                    OPENGL32.DLL
_glGetBooleanv@8                    OPENGL32.DLL
_GetPixelFormat@4                   GDI32.DLL
_SetRect@20                         USER32.DLL
_joyGetPosEx@8                      WINMM.DLL
_snprintf_                          clbr20.dll
_RegOpenKeyExA@20                   ADVAPI32.DLL
_RegQueryValueExA@24                ADVAPI32.DLL
_RegCloseKey@4                      ADVAPI32.DLL
_joyGetDevCapsA@12                  WINMM.DLL
strncpy_                            clbr20.dll
_RegOpenKeyA@12                     ADVAPI32.DLL
_CreateFileA@28                     KERNEL32.DLL
_GetCommState@8                     KERNEL32.DLL
_GetCommTimeouts@8                  KERNEL32.DLL
_BuildCommDCBA@8                    KERNEL32.DLL
_SetCommState@8                     KERNEL32.DLL
_SetCommTimeouts@8                  KERNEL32.DLL
_CloseHandle@4                      KERNEL32.DLL
_ReadFile@20                        KERNEL32.DLL
_WriteFile@20                       KERNEL32.DLL
_FlushFileBuffers@4                 KERNEL32.DLL
_EnumDisplaySettingsA@12            USER32.DLL
_ChangeDisplaySettingsExA@20        USER32.DLL
IF@DSQRT                            mt7r20.dll
_RegisterRawInputDevices@12         USER32.DLL
_GetRawInputData@20                 USER32.DLL
_GetRawInputDeviceInfoA@16          USER32.DLL
_SetPaletteEntries@16               GDI32.DLL
_UnrealizeObject@4                  GDI32.DLL
_GetPaletteEntries@16               GDI32.DLL
_glEnableClientState@4              OPENGL32.DLL
_glVertexPointer@16                 OPENGL32.DLL
_glNormalPointer@12                 OPENGL32.DLL
_glDrawArrays@12                    OPENGL32.DLL
_glDrawElements@16                  OPENGL32.DLL
_glDisableClientState@4             OPENGL32.DLL
_glTexCoordPointer@16               OPENGL32.DLL
_glGetFloatv@8                      OPENGL32.DLL


                        +--------------------+
                        |   Libraries Used   |
                        +--------------------+

C:\WATCOM\lib386\nt\kernel32.lib
C:\WATCOM\lib386\nt\user32.lib
C:\WATCOM\lib386\nt\gdi32.lib
C:\WATCOM\lib386\nt\advapi32.lib
C:\WATCOM\lib386\nt\opengl32.lib
C:\WATCOM\lib386\nt\winmm.lib
lib\freeglut_static.lib
C:\WATCOM\lib386\emu387.lib
C:\WATCOM\lib386\nt\mt7rdll.lib
C:\WATCOM\lib386\nt\clbrdll.lib


                        +-----------------------+
                        |   Linker Statistics   |
                        +-----------------------+

Stack size:  00100000 (1048576.)
Memory size:  0008e148 (581960.)
Entry point address: 004054a0
Link time: 00:00.72
